[debug] [2026-08-09T23:27:29.992Z] ----------------------------------------------------------------------
[debug] [2026-08-09T23:27:29.999Z] Command:       C:\Program Files\nodejs\node.exe C:\Users\Martin\AppData\Local\npm-cache\_npx\7750544ccf494d8b\node_modules\firebase-tools\lib\bin\firebase.js deploy --project nuestravoz-uy
[debug] [2026-08-09T23:27:30.000Z] CLI Version:   15.26.0
[debug] [2026-08-09T23:27:30.000Z] Platform:      win32
[debug] [2026-08-09T23:27:30.000Z] Node Version:  v24.14.1
[debug] [2026-08-09T23:27:30.000Z] Detected Agent: antigravity
[debug] [2026-08-09T23:27:30.000Z] Time:          Sun Aug 09 2026 20:27:30 GMT-0300 (hora estándar de Uruguay)
[debug] [2026-08-09T23:27:30.000Z] ----------------------------------------------------------------------
[debug] 
[debug] [2026-08-09T23:27:33.967Z] > command requires scopes: ["email","openid","https://www.googleapis.com/auth/cloudplatformprojects.readonly","https://www.googleapis.com/auth/firebase","https://www.googleapis.com/auth/cloud-platform"]
[debug] [2026-08-09T23:27:33.968Z] > authorizing via signed-in user (martinriotorto33@gmail.com)
[debug] [2026-08-09T23:27:33.968Z] [iam] checking project nuestravoz-uy for permissions ["cloudfunctions.functions.create","cloudfunctions.functions.delete","cloudfunctions.functions.get","cloudfunctions.functions.list","cloudfunctions.functions.update","cloudfunctions.operations.get","datastore.indexes.create","datastore.indexes.delete","datastore.indexes.list","datastore.indexes.update","firebase.projects.get","firebasehosting.sites.update","firebaserules.releases.create","firebaserules.releases.update","firebaserules.rulesets.create"]
[debug] [2026-08-09T23:27:33.989Z] Checked if tokens are valid: true, expires at: 1786321524751
[debug] [2026-08-09T23:27:33.989Z] Checked if tokens are valid: true, expires at: 1786321524751
[debug] [2026-08-09T23:27:33.991Z] >>> [apiv2][query] POST https://cloudresourcemanager.googleapis.com/v1/projects/nuestravoz-uy:testIamPermissions [none]
[debug] [2026-08-09T23:27:33.991Z] >>> [apiv2][(partial)header] POST https://cloudresourcemanager.googleapis.com/v1/projects/nuestravoz-uy:testIamPermissions  x-goog-user-project=nuestravoz-uy
[debug] [2026-08-09T23:27:33.991Z] >>> [apiv2][body] POST https://cloudresourcemanager.googleapis.com/v1/projects/nuestravoz-uy:testIamPermissions {"permissions":["cloudfunctions.functions.create","cloudfunctions.functions.delete","cloudfunctions.functions.get","cloudfunctions.functions.list","cloudfunctions.functions.update","cloudfunctions.operations.get","datastore.indexes.create","datastore.indexes.delete","datastore.indexes.list","datastore.indexes.update","firebase.projects.get","firebasehosting.sites.update","firebaserules.releases.create","firebaserules.releases.update","firebaserules.rulesets.create"]}
[debug] [2026-08-09T23:27:34.929Z] <<< [apiv2][status] POST https://cloudresourcemanager.googleapis.com/v1/projects/nuestravoz-uy:testIamPermissions 200
[debug] [2026-08-09T23:27:34.929Z] <<< [apiv2][body] POST https://cloudresourcemanager.googleapis.com/v1/projects/nuestravoz-uy:testIamPermissions {"permissions":["cloudfunctions.functions.create","cloudfunctions.functions.delete","cloudfunctions.functions.get","cloudfunctions.functions.list","cloudfunctions.functions.update","cloudfunctions.operations.get","datastore.indexes.create","datastore.indexes.delete","datastore.indexes.list","datastore.indexes.update","firebase.projects.get","firebasehosting.sites.update","firebaserules.releases.create","firebaserules.releases.update","firebaserules.rulesets.create"]}
[debug] [2026-08-09T23:27:34.931Z] Checked if tokens are valid: true, expires at: 1786321524751
[debug] [2026-08-09T23:27:34.931Z] Checked if tokens are valid: true, expires at: 1786321524751
[debug] [2026-08-09T23:27:34.931Z] >>> [apiv2][query] POST https://iam.googleapis.com/v1/projects/nuestravoz-uy/serviceAccounts/nuestravoz-uy@appspot.gserviceaccount.com:testIamPermissions [none]
[debug] [2026-08-09T23:27:34.932Z] >>> [apiv2][body] POST https://iam.googleapis.com/v1/projects/nuestravoz-uy/serviceAccounts/nuestravoz-uy@appspot.gserviceaccount.com:testIamPermissions {"permissions":["iam.serviceAccounts.actAs"]}
[debug] [2026-08-09T23:27:35.799Z] <<< [apiv2][status] POST https://iam.googleapis.com/v1/projects/nuestravoz-uy/serviceAccounts/nuestravoz-uy@appspot.gserviceaccount.com:testIamPermissions 200
[debug] [2026-08-09T23:27:35.799Z] <<< [apiv2][body] POST https://iam.googleapis.com/v1/projects/nuestravoz-uy/serviceAccounts/nuestravoz-uy@appspot.gserviceaccount.com:testIamPermissions {"permissions":["iam.serviceAccounts.actAs"]}
[debug] [2026-08-09T23:27:35.800Z] Checked if tokens are valid: true, expires at: 1786321524751
[debug] [2026-08-09T23:27:35.801Z] Checked if tokens are valid: true, expires at: 1786321524751
[debug] [2026-08-09T23:27:35.801Z] >>> [apiv2][query] GET https://firebase.googleapis.com/v1beta1/projects/nuestravoz-uy [none]
[debug] [2026-08-09T23:27:36.211Z] <<< [apiv2][status] GET https://firebase.googleapis.com/v1beta1/projects/nuestravoz-uy 200
[debug] [2026-08-09T23:27:36.211Z] <<< [apiv2][body] GET https://firebase.googleapis.com/v1beta1/projects/nuestravoz-uy {"projectId":"nuestravoz-uy","projectNumber":"499775575806","displayName":"Nuestra Voz","name":"projects/nuestravoz-uy","resources":{"hostingSite":"nuestravoz-uy"},"state":"ACTIVE","labels":{"firebase":"enabled","firebase/storage-default-bucket":"created"},"etag":"1_08ed5e70-2b2d-4f43-836b-6c585bbc7360"}
[info] 
[info] === Deploying to 'nuestravoz-uy'...
[info] 
[info] i  deploying storage, firestore, functions, hosting 
[info] i  storage: ensuring required API firebasestorage.googleapis.com is enabled... 
[debug] [2026-08-09T23:27:36.220Z] Checked if tokens are valid: true, expires at: 1786321524751
[debug] [2026-08-09T23:27:36.220Z] Checked if tokens are valid: true, expires at: 1786321524751
[debug] [2026-08-09T23:27:36.220Z] >>> [apiv2][query] GET https://firebasestorage.googleapis.com/v1alpha/projects/nuestravoz-uy/defaultBucket [none]
[debug] [2026-08-09T23:27:36.737Z] <<< [apiv2][status] GET https://firebasestorage.googleapis.com/v1alpha/projects/nuestravoz-uy/defaultBucket 200
[debug] [2026-08-09T23:27:36.737Z] <<< [apiv2][body] GET https://firebasestorage.googleapis.com/v1alpha/projects/nuestravoz-uy/defaultBucket {"name":"projects/nuestravoz-uy/defaultBucket","location":"US-EAST1","bucket":{"name":"projects/nuestravoz-uy/buckets/nuestravoz-uy.firebasestorage.app"},"storageClass":"REGIONAL"}
[info] i  firebase.storage: checking storage.rules for compilation errors... 
[debug] [2026-08-09T23:27:36.740Z] Checked if tokens are valid: true, expires at: 1786321524751
[debug] [2026-08-09T23:27:36.740Z] Checked if tokens are valid: true, expires at: 1786321524751
[debug] [2026-08-09T23:27:36.741Z] >>> [apiv2][query] POST https://firebaserules.googleapis.com/v1/projects/nuestravoz-uy:test [none]
[debug] [2026-08-09T23:27:36.741Z] >>> [apiv2][body] POST https://firebaserules.googleapis.com/v1/projects/nuestravoz-uy:test [omitted]
[debug] [2026-08-09T23:27:37.840Z] <<< [apiv2][status] POST https://firebaserules.googleapis.com/v1/projects/nuestravoz-uy:test 200
[debug] [2026-08-09T23:27:37.840Z] <<< [apiv2][body] POST https://firebaserules.googleapis.com/v1/projects/nuestravoz-uy:test {}
[info] +  firebase.storage: rules file storage.rules compiled successfully 
[info] i  firestore: ensuring required API firestore.googleapis.com is enabled... 
[info] i  firestore: ensuring required API firestore.googleapis.com is enabled... 
[debug] [2026-08-09T23:27:37.846Z] Checked if tokens are valid: true, expires at: 1786321524751
[debug] [2026-08-09T23:27:37.847Z] Checked if tokens are valid: true, expires at: 1786321524751
[debug] [2026-08-09T23:27:37.847Z] >>> [apiv2][query] GET https://firestore.googleapis.com/v1/projects/nuestravoz-uy/databases/(default) [none]
[debug] [2026-08-09T23:27:38.840Z] <<< [apiv2][status] GET https://firestore.googleapis.com/v1/projects/nuestravoz-uy/databases/(default) 200
[debug] [2026-08-09T23:27:38.840Z] <<< [apiv2][body] GET https://firestore.googleapis.com/v1/projects/nuestravoz-uy/databases/(default) {"name":"projects/nuestravoz-uy/databases/(default)","uid":"dc96025c-9e35-4e57-a5e2-86780df61450","createTime":"2026-08-08T16:26:34.753622Z","updateTime":"2026-08-08T16:26:34.753622Z","locationId":"us-east1","type":"FIRESTORE_NATIVE","concurrencyMode":"PESSIMISTIC","versionRetentionPeriod":"3600s","earliestVersionTime":"2026-08-09T22:27:38.790499Z","appEngineIntegrationMode":"DISABLED","keyPrefix":"p","pointInTimeRecoveryEnablement":"POINT_IN_TIME_RECOVERY_DISABLED","deleteProtectionState":"DELETE_PROTECTION_DISABLED","databaseEdition":"STANDARD","freeTier":true,"realtimeUpdatesMode":"REALTIME_UPDATES_MODE_ENABLED","etag":"IPG15qrZlJYDMMzOn9r2kZYD"}
[info] i  cloud.firestore: checking firestore.rules for compilation errors... 
[debug] [2026-08-09T23:27:38.849Z] Checked if tokens are valid: true, expires at: 1786321524751
[debug] [2026-08-09T23:27:38.849Z] Checked if tokens are valid: true, expires at: 1786321524751
[debug] [2026-08-09T23:27:38.849Z] >>> [apiv2][query] POST https://firebaserules.googleapis.com/v1/projects/nuestravoz-uy:test [none]
[debug] [2026-08-09T23:27:38.849Z] >>> [apiv2][body] POST https://firebaserules.googleapis.com/v1/projects/nuestravoz-uy:test [omitted]
[debug] [2026-08-09T23:27:39.869Z] <<< [apiv2][status] POST https://firebaserules.googleapis.com/v1/projects/nuestravoz-uy:test 200
[debug] [2026-08-09T23:27:39.869Z] <<< [apiv2][body] POST https://firebaserules.googleapis.com/v1/projects/nuestravoz-uy:test {}
[info] +  cloud.firestore: rules file firestore.rules compiled successfully 
[debug] [2026-08-09T23:27:39.872Z] Checked if tokens are valid: true, expires at: 1786321524751
[debug] [2026-08-09T23:27:39.872Z] Checked if tokens are valid: true, expires at: 1786321524751
[debug] [2026-08-09T23:27:39.872Z] >>> [apiv2][query] GET https://cloudresourcemanager.googleapis.com/v1/projects/nuestravoz-uy [none]
[debug] [2026-08-09T23:27:40.774Z] <<< [apiv2][status] GET https://cloudresourcemanager.googleapis.com/v1/projects/nuestravoz-uy 200
[debug] [2026-08-09T23:27:40.775Z] <<< [apiv2][body] GET https://cloudresourcemanager.googleapis.com/v1/projects/nuestravoz-uy {"projectNumber":"499775575806","projectId":"nuestravoz-uy","lifecycleState":"ACTIVE","name":"Nuestra Voz","labels":{"firebase":"enabled","firebase-core":"disabled"},"createTime":"2026-08-08T15:38:20.322Z"}
[info] i  functions: preparing codebase default for deployment 
[info] i  functions: ensuring required API cloudfunctions.googleapis.com is enabled... 
[info] i  functions: ensuring required API cloudbuild.googleapis.com is enabled... 
[info] i  artifactregistry: ensuring required API artifactregistry.googleapis.com is enabled... 
[debug] [2026-08-09T23:27:40.784Z] Checked if tokens are valid: true, expires at: 1786321524751
[debug] [2026-08-09T23:27:40.784Z] Checked if tokens are valid: true, expires at: 1786321524751
[debug] [2026-08-09T23:27:40.784Z] >>> [apiv2][query] GET https://firebase.googleapis.com/v1beta1/projects/nuestravoz-uy/adminSdkConfig [none]
[debug] [2026-08-09T23:27:41.239Z] <<< [apiv2][status] GET https://firebase.googleapis.com/v1beta1/projects/nuestravoz-uy/adminSdkConfig 200
[debug] [2026-08-09T23:27:41.239Z] <<< [apiv2][body] GET https://firebase.googleapis.com/v1beta1/projects/nuestravoz-uy/adminSdkConfig {"projectId":"nuestravoz-uy","storageBucket":"nuestravoz-uy.firebasestorage.app"}
[debug] [2026-08-09T23:27:41.240Z] Checked if tokens are valid: true, expires at: 1786321524751
[debug] [2026-08-09T23:27:41.240Z] Checked if tokens are valid: true, expires at: 1786321524751
[debug] [2026-08-09T23:27:41.241Z] >>> [apiv2][query] GET https://runtimeconfig.googleapis.com/v1beta1/projects/nuestravoz-uy/configs [none]
[debug] [2026-08-09T23:27:42.217Z] <<< [apiv2][status] GET https://runtimeconfig.googleapis.com/v1beta1/projects/nuestravoz-uy/configs 200
[debug] [2026-08-09T23:27:42.217Z] <<< [apiv2][body] GET https://runtimeconfig.googleapis.com/v1beta1/projects/nuestravoz-uy/configs {}
[debug] [2026-08-09T23:27:42.220Z] Validating nodejs source
[warn] !  functions: Runtime Node.js 20 was deprecated on 2026-04-30 and will be decommissioned on 2026-10-30, after which you will not be able to deploy without upgrading. Consider upgrading now to avoid disruption. See https://cloud.google.com/functions/docs/runtime-support for full details on the lifecycle policy 
[warn] !  functions: package.json indicates an outdated version of firebase-functions. Please upgrade using npm install --save firebase-functions@latest in your functions directory. 
[warn] !  functions: Please note that there will be breaking changes when you upgrade. 
[debug] [2026-08-09T23:27:44.984Z] > [functions] package.json contents: {
  "name": "nuestra-voz-functions",
  "description": "Cloud Functions for Nuestra Voz",
  "scripts": {
    "lint": "eslint .",
    "serve": "firebase emulators:start --only functions",
    "shell": "firebase functions:shell",
    "start": "npm run shell",
    "deploy": "firebase deploy --only functions",
    "logs": "firebase functions:log"
  },
  "engines": {
    "node": "20"
  },
  "main": "index.js",
  "dependencies": {
    "@google-cloud/secret-manager": "^6.3.0",
    "axios": "^1.6.2",
    "firebase-admin": "^13.10.0",
    "firebase-functions": "^6.6.0"
  },
  "devDependencies": {
    "eslint": "^8.9.0",
    "eslint-config-google": "^0.14.0",
    "firebase-functions-test": "^3.1.0"
  },
  "private": true
}
[debug] [2026-08-09T23:27:44.984Z] Building nodejs source
[info] i  functions: Loading and analyzing source code for codebase default to determine what to deploy 
[debug] [2026-08-09T23:27:44.989Z] Could not find functions.yaml. Must use http discovery
[debug] [2026-08-09T23:27:45.017Z] Found firebase-functions binary at 'C:\Users\Martin\Repos\HIK\nuestra-voz\functions\node_modules\.bin\firebase-functions'
[info] Serving at port 8720

[debug] [2026-08-09T23:27:47.658Z] Got response from /__/functions.yaml {"endpoints":{"publishToMeta":{"platform":"gcfv1","availableMemoryMb":null,"timeoutSeconds":null,"minInstances":null,"maxInstances":null,"ingressSettings":null,"serviceAccountEmail":null,"vpc":null,"eventTrigger":{"eventType":"providers/cloud.firestore/eventTypes/document.write","eventFilters":{"resource":"projects/nuestravoz-uy/databases/(default)/documents/publicaciones/{pubId}"},"retry":false},"labels":{},"entryPoint":"publishToMeta"},"refreshInstagramToken":{"platform":"gcfv1","availableMemoryMb":null,"timeoutSeconds":null,"minInstances":null,"maxInstances":null,"ingressSettings":null,"serviceAccountEmail":null,"vpc":null,"scheduleTrigger":{"schedule":"every 168 hours","retryConfig":{"retryCount":null,"maxDoublings":null,"maxRetryDuration":null,"maxBackoffDuration":null,"minBackoffDuration":null},"timeZone":null},"labels":{},"entryPoint":"refreshInstagramToken"}},"specVersion":"v1alpha1","requiredAPIs":[{"api":"cloudscheduler.googleapis.com","reason":"Needed for scheduled functions."}],"extensions":{}}
[debug] [2026-08-09T23:27:50.763Z] Checked if tokens are valid: true, expires at: 1786321524751
[debug] [2026-08-09T23:27:50.764Z] Checked if tokens are valid: true, expires at: 1786321524751
[debug] [2026-08-09T23:27:50.764Z] >>> [apiv2][query] GET https://cloudfunctions.googleapis.com/v1/projects/nuestravoz-uy/locations/-/functions [none]
[debug] [2026-08-09T23:27:51.766Z] <<< [apiv2][status] GET https://cloudfunctions.googleapis.com/v1/projects/nuestravoz-uy/locations/-/functions 200
[debug] [2026-08-09T23:27:51.766Z] <<< [apiv2][body] GET https://cloudfunctions.googleapis.com/v1/projects/nuestravoz-uy/locations/-/functions {"functions":[{"name":"projects/nuestravoz-uy/locations/us-central1/functions/publishToMeta","eventTrigger":{"eventType":"providers/cloud.firestore/eventTypes/document.write","resource":"projects/nuestravoz-uy/databases/(default)/documents/publicaciones/{pubId}","service":"firestore.googleapis.com","failurePolicy":{}},"status":"ACTIVE","entryPoint":"publishToMeta","timeout":"60s","availableMemoryMb":256,"serviceAccountEmail":"nuestravoz-uy@appspot.gserviceaccount.com","updateTime":"2026-08-09T20:53:51.013Z","versionId":"8","labels":{"firebase-functions-hash":"d27e13084a3fea8bbe4e0e03e852029fd1feb174","deployment-tool":"cli-firebase"},"sourceUploadUrl":"https://storage.googleapis.com/uploads-22679521452.us-central1.cloudfunctions.appspot.com/5d5a049a-a32b-4808-9302-a286396bd47c.zip","environmentVariables":{"META_PAGE_ID":"1288310911025589","META_ACCESS_TOKEN":"EAAYu00tVMigBSG28MVttR5xknNZAQbhR3FBOc5sVCfE4FDsBUT89mdCpeCXYc6mXgj4oZBbSvdKcDUjS8cud3ZAW9PvnYaWNMbmPoMeditYJTiNR5CX26dUGuMqgYCqpRxt3L5OV4uqDbMlyvPB0Y38qQTZCJ255dUqBd77AIZBc7oki5HkbEE5RTjezcyZBZC2UAZBbwwS5","INSTAGRAM_LOGIN_ACCESS_TOKEN":"IGAAPSbL1U0J1BZAFlfSHBDN3JLUU5iYndvTXRmVDRhanJYNFJEOHdqSTYwbU9iVlY4WUpWcUF1NVR3MVFyamtvdHBWSDF0b1E0N3RzRFNoZA1JreE5FRnNZAV2VxMnFuSkZA6STBmQnRJVUFZAUkcyS1ROclBn","INSTAGRAM_LOGIN_USER_ID":"27531874199817261","FIREBASE_CONFIG":"{\"projectId\":\"nuestravoz-uy\",\"storageBucket\":\"nuestravoz-uy.firebasestorage.app\"}","GCLOUD_PROJECT":"nuestravoz-uy","EVENTARC_CLOUD_EVENT_SOURCE":"projects/nuestravoz-uy/locations/us-central1/functions/publishToMeta"},"runtime":"nodejs20","maxInstances":3000,"ingressSettings":"ALLOW_ALL","buildId":"3f4b1b5b-92c0-411d-9572-34e53a06ea65","buildEnvironmentVariables":{"GOOGLE_NODE_RUN_SCRIPTS":""},"buildName":"projects/499775575806/locations/us-central1/builds/3f4b1b5b-92c0-411d-9572-34e53a06ea65","dockerRegistry":"ARTIFACT_REGISTRY","automaticUpdatePolicy":{},"buildServiceAccount":"projects/nuestravoz-uy/serviceAccounts/499775575806-compute@developer.gserviceaccount.com","satisfiesPzi":true},{"name":"projects/nuestravoz-uy/locations/us-central1/functions/refreshInstagramToken","eventTrigger":{"eventType":"google.pubsub.topic.publish","resource":"projects/nuestravoz-uy/topics/firebase-schedule-refreshInstagramToken-us-central1","service":"pubsub.googleapis.com","failurePolicy":{}},"status":"ACTIVE","entryPoint":"refreshInstagramToken","timeout":"60s","availableMemoryMb":256,"serviceAccountEmail":"nuestravoz-uy@appspot.gserviceaccount.com","updateTime":"2026-08-09T19:29:06.196Z","versionId":"2","labels":{"deployment-scheduled":"true","firebase-functions-hash":"7428469e7564775f62110e90357dd6339b20e81c","deployment-tool":"cli-firebase"},"sourceUploadUrl":"https://storage.googleapis.com/uploads-22679521452.us-central1.cloudfunctions.appspot.com/60501de7-651d-4eee-bb2a-b4557906932b.zip","environmentVariables":{"META_PAGE_ID":"1288310911025589","META_ACCESS_TOKEN":"EAAYu00tVMigBSDGI5vCMFPycP0V01cNduwGZCTFxBdumnDVMWs7xCZByvpKu78wqAdU0ZAo8NaTonhT5LYrAV8NwvAoCZAtfONUg60eTT8pSqYyMJad7oWZB4TXMIRUwZAuwGkeKqRrqE3wsGZBxAab7sBTSZAhoC6uIhXegyiLLZA52a902RPfmTFBDnIQOMwB6dCZCG5","INSTAGRAM_LOGIN_ACCESS_TOKEN":"IGAAPSbL1U0J1BZAFlfSHBDN3JLUU5iYndvTXRmVDRhanJYNFJEOHdqSTYwbU9iVlY4WUpWcUF1NVR3MVFyamtvdHBWSDF0b1E0N3RzRFNoZA1JreE5FRnNZAV2VxMnFuSkZA6STBmQnRJVUFZAUkcyS1ROclBn","INSTAGRAM_LOGIN_USER_ID":"27531874199817261","FIREBASE_CONFIG":"{\"projectId\":\"nuestravoz-uy\",\"storageBucket\":\"nuestravoz-uy.firebasestorage.app\"}","GCLOUD_PROJECT":"nuestravoz-uy","EVENTARC_CLOUD_EVENT_SOURCE":"projects/nuestravoz-uy/locations/us-central1/functions/refreshInstagramToken"},"runtime":"nodejs20","maxInstances":3000,"ingressSettings":"ALLOW_ALL","buildId":"d5a84c30-76bd-45ee-9b77-9420439424e6","buildEnvironmentVariables":{"GOOGLE_NODE_RUN_SCRIPTS":""},"buildName":"projects/499775575806/locations/us-central1/builds/d5a84c30-76bd-45ee-9b77-9420439424e6","dockerRegistry":"ARTIFACT_REGISTRY","automaticUpdatePolicy":{},"buildServiceAccount":"projects/nuestravoz-uy/serviceAccounts/499775575806-compute@developer.gserviceaccount.com","satisfiesPzi":true}]}
[debug] [2026-08-09T23:27:51.766Z] Checked if tokens are valid: true, expires at: 1786321524751
[debug] [2026-08-09T23:27:51.767Z] Checked if tokens are valid: true, expires at: 1786321524751
[debug] [2026-08-09T23:27:51.780Z] >>> [apiv2][query] GET https://cloudfunctions.googleapis.com/v2/projects/nuestravoz-uy/locations/-/functions filter=environment%3D%22GEN_2%22
[debug] [2026-08-09T23:27:53.040Z] <<< [apiv2][status] GET https://cloudfunctions.googleapis.com/v2/projects/nuestravoz-uy/locations/-/functions 200
[debug] [2026-08-09T23:27:53.040Z] <<< [apiv2][body] GET https://cloudfunctions.googleapis.com/v2/projects/nuestravoz-uy/locations/-/functions {}
[info] i  extensions: ensuring required API firebaseextensions.googleapis.com is enabled... 
[debug] [2026-08-09T23:27:53.043Z] > command requires scopes: ["email","openid","https://www.googleapis.com/auth/cloudplatformprojects.readonly","https://www.googleapis.com/auth/firebase","https://www.googleapis.com/auth/cloud-platform"]
[debug] [2026-08-09T23:27:53.043Z] > authorizing via signed-in user (martinriotorto33@gmail.com)
[debug] [2026-08-09T23:27:53.043Z] [iam] checking project nuestravoz-uy for permissions ["firebase.projects.get","firebaseextensions.instances.list"]
[debug] [2026-08-09T23:27:53.044Z] Checked if tokens are valid: true, expires at: 1786321524751
[debug] [2026-08-09T23:27:53.044Z] Checked if tokens are valid: true, expires at: 1786321524751
[debug] [2026-08-09T23:27:53.044Z] >>> [apiv2][query] POST https://cloudresourcemanager.googleapis.com/v1/projects/nuestravoz-uy:testIamPermissions [none]
[debug] [2026-08-09T23:27:53.044Z] >>> [apiv2][(partial)header] POST https://cloudresourcemanager.googleapis.com/v1/projects/nuestravoz-uy:testIamPermissions  x-goog-user-project=nuestravoz-uy
[debug] [2026-08-09T23:27:53.044Z] >>> [apiv2][body] POST https://cloudresourcemanager.googleapis.com/v1/projects/nuestravoz-uy:testIamPermissions {"permissions":["firebase.projects.get","firebaseextensions.instances.list"]}
[debug] [2026-08-09T23:27:54.049Z] <<< [apiv2][status] POST https://cloudresourcemanager.googleapis.com/v1/projects/nuestravoz-uy:testIamPermissions 200
[debug] [2026-08-09T23:27:54.049Z] <<< [apiv2][body] POST https://cloudresourcemanager.googleapis.com/v1/projects/nuestravoz-uy:testIamPermissions {"permissions":["firebase.projects.get","firebaseextensions.instances.list"]}
[debug] [2026-08-09T23:27:54.050Z] Checked if tokens are valid: true, expires at: 1786321524751
[debug] [2026-08-09T23:27:54.050Z] Checked if tokens are valid: true, expires at: 1786321524751
[debug] [2026-08-09T23:27:54.050Z] >>> [apiv2][query] GET https://firebaseextensions.googleapis.com/v1beta/projects/nuestravoz-uy/instances pageSize=100&pageToken=
[debug] [2026-08-09T23:27:55.165Z] <<< [apiv2][status] GET https://firebaseextensions.googleapis.com/v1beta/projects/nuestravoz-uy/instances 200
[debug] [2026-08-09T23:27:55.166Z] <<< [apiv2][body] GET https://firebaseextensions.googleapis.com/v1beta/projects/nuestravoz-uy/instances {}
[info] i  functions: Loaded environment variables from .env. 
[debug] [2026-08-09T23:27:55.170Z] Attempting to merge .env secret bindings {} into declared secrets...)}
[debug] [2026-08-09T23:27:55.170Z] publishToMeta declared secrets: undefined
[debug] [2026-08-09T23:27:55.170Z] refreshInstagramToken declared secrets: undefined
[info] i  functions: preparing functions directory for uploading... 
