[debug] [2026-08-09T20:49:33.785Z] ----------------------------------------------------------------------
[debug] [2026-08-09T20:49:33.790Z] Command:       C:\Program Files\nodejs\node.exe C:\Users\Martin\AppData\Local\npm-cache\_npx\7750544ccf494d8b\node_modules\firebase-tools\lib\bin\firebase.js deploy --only functions --project nuestravoz-uy
[debug] [2026-08-09T20:49:33.791Z] CLI Version:   15.26.0
[debug] [2026-08-09T20:49:33.791Z] Platform:      win32
[debug] [2026-08-09T20:49:33.791Z] Node Version:  v24.14.1
[debug] [2026-08-09T20:49:33.791Z] Detected Agent: antigravity
[debug] [2026-08-09T20:49:33.791Z] Time:          Sun Aug 09 2026 17:49:33 GMT-0300 (hora estándar de Uruguay)
[debug] [2026-08-09T20:49:33.792Z] ----------------------------------------------------------------------
[debug] 
[debug] [2026-08-09T20:50:26.979Z] > command requires scopes: ["email","openid","https://www.googleapis.com/auth/cloudplatformprojects.readonly","https://www.googleapis.com/auth/firebase","https://www.googleapis.com/auth/cloud-platform"]
[debug] [2026-08-09T20:50:26.980Z] > authorizing via signed-in user (martinriotorto33@gmail.com)
[debug] [2026-08-09T20:50:26.980Z] [iam] checking project nuestravoz-uy for permissions ["cloudfunctions.functions.create","cloudfunctions.functions.delete","cloudfunctions.functions.get","cloudfunctions.functions.list","cloudfunctions.functions.update","cloudfunctions.operations.get","firebase.projects.get"]
[debug] [2026-08-09T20:50:27.033Z] Checked if tokens are valid: false, expires at: 1786307179675
[debug] [2026-08-09T20:50:27.033Z] Checked if tokens are valid: false, expires at: 1786307179675
[debug] [2026-08-09T20:50:27.034Z] > refreshing access token with scopes: []
[debug] [2026-08-09T20:50:27.050Z] >>> [apiv2][query] POST https://www.googleapis.com/oauth2/v3/token [none]
[debug] [2026-08-09T20:50:27.050Z] >>> [apiv2][body] POST https://www.googleapis.com/oauth2/v3/token [omitted]
[debug] [2026-08-09T20:50:27.546Z] <<< [apiv2][status] POST https://www.googleapis.com/oauth2/v3/token 200
[debug] [2026-08-09T20:50:27.547Z] <<< [apiv2][body] POST https://www.googleapis.com/oauth2/v3/token [omitted]
[debug] [2026-08-09T20:50:27.572Z] >>> [apiv2][query] POST https://cloudresourcemanager.googleapis.com/v1/projects/nuestravoz-uy:testIamPermissions [none]
[debug] [2026-08-09T20:50:27.573Z] >>> [apiv2][(partial)header] POST https://cloudresourcemanager.googleapis.com/v1/projects/nuestravoz-uy:testIamPermissions  x-goog-user-project=nuestravoz-uy
[debug] [2026-08-09T20:50:27.573Z] >>> [apiv2][body] POST https://cloudresourcemanager.googleapis.com/v1/projects/nuestravoz-uy:testIamPermissions {"permissions":["cloudfunctions.functions.create","cloudfunctions.functions.delete","cloudfunctions.functions.get","cloudfunctions.functions.list","cloudfunctions.functions.update","cloudfunctions.operations.get","firebase.projects.get"]}
[debug] [2026-08-09T20:50:28.779Z] <<< [apiv2][status] POST https://cloudresourcemanager.googleapis.com/v1/projects/nuestravoz-uy:testIamPermissions 200
[debug] [2026-08-09T20:50:28.779Z] <<< [apiv2][body] POST https://cloudresourcemanager.googleapis.com/v1/projects/nuestravoz-uy:testIamPermissions {"permissions":["cloudfunctions.functions.create","cloudfunctions.functions.delete","cloudfunctions.functions.get","cloudfunctions.functions.list","cloudfunctions.functions.update","cloudfunctions.operations.get","firebase.projects.get"]}
[debug] [2026-08-09T20:50:28.780Z] Checked if tokens are valid: true, expires at: 1786312226547
[debug] [2026-08-09T20:50:28.780Z] Checked if tokens are valid: true, expires at: 1786312226547
[debug] [2026-08-09T20:50:28.780Z] >>> [apiv2][query] POST https://iam.googleapis.com/v1/projects/nuestravoz-uy/serviceAccounts/nuestravoz-uy@appspot.gserviceaccount.com:testIamPermissions [none]
[debug] [2026-08-09T20:50:28.781Z] >>> [apiv2][body] POST https://iam.googleapis.com/v1/projects/nuestravoz-uy/serviceAccounts/nuestravoz-uy@appspot.gserviceaccount.com:testIamPermissions {"permissions":["iam.serviceAccounts.actAs"]}
[debug] [2026-08-09T20:50:29.720Z] <<< [apiv2][status] POST https://iam.googleapis.com/v1/projects/nuestravoz-uy/serviceAccounts/nuestravoz-uy@appspot.gserviceaccount.com:testIamPermissions 200
[debug] [2026-08-09T20:50:29.720Z] <<< [apiv2][body] POST https://iam.googleapis.com/v1/projects/nuestravoz-uy/serviceAccounts/nuestravoz-uy@appspot.gserviceaccount.com:testIamPermissions {"permissions":["iam.serviceAccounts.actAs"]}
[info] 
[info] === Deploying to 'nuestravoz-uy'...
[info] 
[info] i  deploying functions 
[debug] [2026-08-09T20:50:29.728Z] Checked if tokens are valid: true, expires at: 1786312226547
[debug] [2026-08-09T20:50:29.729Z] Checked if tokens are valid: true, expires at: 1786312226547
[debug] [2026-08-09T20:50:29.729Z] >>> [apiv2][query] GET https://cloudresourcemanager.googleapis.com/v1/projects/nuestravoz-uy [none]
[debug] [2026-08-09T20:50:30.163Z] <<< [apiv2][status] GET https://cloudresourcemanager.googleapis.com/v1/projects/nuestravoz-uy 200
[debug] [2026-08-09T20:50:30.164Z] <<< [apiv2][body] GET https://cloudresourcemanager.googleapis.com/v1/projects/nuestravoz-uy {"projectNumber":"499775575806","projectId":"nuestravoz-uy","lifecycleState":"ACTIVE","name":"Nuestra Voz","labels":{"firebase":"enabled","firebase-core":"disabled"},"createTime":"2026-08-08T15:38:20.322Z"}
[info] i  functions: preparing codebase default for deployment 
[info] i  functions: ensuring required API cloudfunctions.googleapis.com is enabled... 
[info] i  functions: ensuring required API cloudbuild.googleapis.com is enabled... 
[info] i  artifactregistry: ensuring required API artifactregistry.googleapis.com is enabled... 
[debug] [2026-08-09T20:50:30.174Z] Checked if tokens are valid: true, expires at: 1786312226547
[debug] [2026-08-09T20:50:30.174Z] Checked if tokens are valid: true, expires at: 1786312226547
[debug] [2026-08-09T20:50:30.174Z] >>> [apiv2][query] GET https://firebase.googleapis.com/v1beta1/projects/nuestravoz-uy/adminSdkConfig [none]
[debug] [2026-08-09T20:50:30.953Z] <<< [apiv2][status] GET https://firebase.googleapis.com/v1beta1/projects/nuestravoz-uy/adminSdkConfig 200
[debug] [2026-08-09T20:50:30.953Z] <<< [apiv2][body] GET https://firebase.googleapis.com/v1beta1/projects/nuestravoz-uy/adminSdkConfig {"projectId":"nuestravoz-uy","storageBucket":"nuestravoz-uy.firebasestorage.app"}
[debug] [2026-08-09T20:50:30.954Z] Checked if tokens are valid: true, expires at: 1786312226547
[debug] [2026-08-09T20:50:30.954Z] Checked if tokens are valid: true, expires at: 1786312226547
[debug] [2026-08-09T20:50:30.955Z] >>> [apiv2][query] GET https://runtimeconfig.googleapis.com/v1beta1/projects/nuestravoz-uy/configs [none]
[debug] [2026-08-09T20:50:31.353Z] <<< [apiv2][status] GET https://runtimeconfig.googleapis.com/v1beta1/projects/nuestravoz-uy/configs 200
[debug] [2026-08-09T20:50:31.354Z] <<< [apiv2][body] GET https://runtimeconfig.googleapis.com/v1beta1/projects/nuestravoz-uy/configs {}
[debug] [2026-08-09T20:50:31.356Z] Validating nodejs source
[warn] !  functions: Runtime Node.js 20 was deprecated on 2026-04-30 and will be decommissioned on 2026-10-30, after which you will not be able to deploy without upgrading. Consider upgrading now to avoid disruption. See https://cloud.google.com/functions/docs/runtime-support for full details on the lifecycle policy 
[warn] !  functions: package.json indicates an outdated version of firebase-functions. Please upgrade using npm install --save firebase-functions@latest in your functions directory. 
[warn] !  functions: Please note that there will be breaking changes when you upgrade. 
[debug] [2026-08-09T20:50:35.376Z] > [functions] package.json contents: {
  "name": "nuestra-voz-functions",
  "description": "Cloud Functions for Nuestra Voz",
  "scripts": {
    "lint": "eslint .",
    "serve": "firebase emulators:start --only functions",
    "shell": "firebase functions:shell",
    "start": "npm run shell",
    "deploy": "firebase deploy --only functions",
    "logs": "firebase functions:log"
  },
  "engines": {
    "node": "20"
  },
  "main": "index.js",
  "dependencies": {
    "@google-cloud/secret-manager": "^6.3.0",
    "axios": "^1.6.2",
    "firebase-admin": "^13.10.0",
    "firebase-functions": "^6.6.0"
  },
  "devDependencies": {
    "eslint": "^8.9.0",
    "eslint-config-google": "^0.14.0",
    "firebase-functions-test": "^3.1.0"
  },
  "private": true
}
[debug] [2026-08-09T20:50:35.377Z] Building nodejs source
[info] i  functions: Loading and analyzing source code for codebase default to determine what to deploy 
[debug] [2026-08-09T20:50:35.386Z] Could not find functions.yaml. Must use http discovery
[debug] [2026-08-09T20:50:35.430Z] Found firebase-functions binary at 'C:\Users\Martin\Repos\HIK\nuestra-voz\functions\node_modules\.bin\firebase-functions'
[info] Serving at port 8919

[debug] [2026-08-09T20:50:39.069Z] Got response from /__/functions.yaml {"endpoints":{"publishToMeta":{"platform":"gcfv1","availableMemoryMb":null,"timeoutSeconds":null,"minInstances":null,"maxInstances":null,"ingressSettings":null,"serviceAccountEmail":null,"vpc":null,"eventTrigger":{"eventType":"providers/cloud.firestore/eventTypes/document.write","eventFilters":{"resource":"projects/nuestravoz-uy/databases/(default)/documents/publicaciones/{pubId}"},"retry":false},"labels":{},"entryPoint":"publishToMeta"},"refreshInstagramToken":{"platform":"gcfv1","availableMemoryMb":null,"timeoutSeconds":null,"minInstances":null,"maxInstances":null,"ingressSettings":null,"serviceAccountEmail":null,"vpc":null,"scheduleTrigger":{"schedule":"every 168 hours","retryConfig":{"retryCount":null,"maxDoublings":null,"maxRetryDuration":null,"maxBackoffDuration":null,"minBackoffDuration":null},"timeZone":null},"labels":{},"entryPoint":"refreshInstagramToken"}},"specVersion":"v1alpha1","requiredAPIs":[{"api":"cloudscheduler.googleapis.com","reason":"Needed for scheduled functions."}],"extensions":{}}
[debug] [2026-08-09T20:50:42.149Z] Checked if tokens are valid: true, expires at: 1786312226547
[debug] [2026-08-09T20:50:42.150Z] Checked if tokens are valid: true, expires at: 1786312226547
[debug] [2026-08-09T20:50:42.150Z] >>> [apiv2][query] GET https://cloudfunctions.googleapis.com/v1/projects/nuestravoz-uy/locations/-/functions [none]
[debug] [2026-08-09T20:50:43.002Z] <<< [apiv2][status] GET https://cloudfunctions.googleapis.com/v1/projects/nuestravoz-uy/locations/-/functions 200
[debug] [2026-08-09T20:50:43.002Z] <<< [apiv2][body] GET https://cloudfunctions.googleapis.com/v1/projects/nuestravoz-uy/locations/-/functions {"functions":[{"name":"projects/nuestravoz-uy/locations/us-central1/functions/publishToMeta","eventTrigger":{"eventType":"providers/cloud.firestore/eventTypes/document.update","resource":"projects/nuestravoz-uy/databases/(default)/documents/publicaciones/{pubId}","service":"firestore.googleapis.com","failurePolicy":{}},"status":"ACTIVE","entryPoint":"publishToMeta","timeout":"60s","availableMemoryMb":256,"serviceAccountEmail":"nuestravoz-uy@appspot.gserviceaccount.com","updateTime":"2026-08-09T19:28:52.670Z","versionId":"7","labels":{"deployment-tool":"cli-firebase","firebase-functions-hash":"7428469e7564775f62110e90357dd6339b20e81c"},"sourceUploadUrl":"https://storage.googleapis.com/uploads-22679521452.us-central1.cloudfunctions.appspot.com/60501de7-651d-4eee-bb2a-b4557906932b.zip","environmentVariables":{"META_PAGE_ID":"1288310911025589","META_ACCESS_TOKEN":"EAAYu00tVMigBSDGI5vCMFPycP0V01cNduwGZCTFxBdumnDVMWs7xCZByvpKu78wqAdU0ZAo8NaTonhT5LYrAV8NwvAoCZAtfONUg60eTT8pSqYyMJad7oWZB4TXMIRUwZAuwGkeKqRrqE3wsGZBxAab7sBTSZAhoC6uIhXegyiLLZA52a902RPfmTFBDnIQOMwB6dCZCG5","INSTAGRAM_LOGIN_ACCESS_TOKEN":"IGAAPSbL1U0J1BZAFlfSHBDN3JLUU5iYndvTXRmVDRhanJYNFJEOHdqSTYwbU9iVlY4WUpWcUF1NVR3MVFyamtvdHBWSDF0b1E0N3RzRFNoZA1JreE5FRnNZAV2VxMnFuSkZA6STBmQnRJVUFZAUkcyS1ROclBn","INSTAGRAM_LOGIN_USER_ID":"27531874199817261","FIREBASE_CONFIG":"{\"projectId\":\"nuestravoz-uy\",\"storageBucket\":\"nuestravoz-uy.firebasestorage.app\"}","GCLOUD_PROJECT":"nuestravoz-uy","EVENTARC_CLOUD_EVENT_SOURCE":"projects/nuestravoz-uy/locations/us-central1/functions/publishToMeta"},"runtime":"nodejs20","maxInstances":3000,"ingressSettings":"ALLOW_ALL","buildId":"d5a84c30-76bd-45ee-9b77-9420439424e6","buildEnvironmentVariables":{"GOOGLE_NODE_RUN_SCRIPTS":""},"buildName":"projects/499775575806/locations/us-central1/builds/d5a84c30-76bd-45ee-9b77-9420439424e6","dockerRegistry":"ARTIFACT_REGISTRY","automaticUpdatePolicy":{},"buildServiceAccount":"projects/nuestravoz-uy/serviceAccounts/499775575806-compute@developer.gserviceaccount.com","satisfiesPzi":true},{"name":"projects/nuestravoz-uy/locations/us-central1/functions/refreshInstagramToken","eventTrigger":{"eventType":"google.pubsub.topic.publish","resource":"projects/nuestravoz-uy/topics/firebase-schedule-refreshInstagramToken-us-central1","service":"pubsub.googleapis.com","failurePolicy":{}},"status":"ACTIVE","entryPoint":"refreshInstagramToken","timeout":"60s","availableMemoryMb":256,"serviceAccountEmail":"nuestravoz-uy@appspot.gserviceaccount.com","updateTime":"2026-08-09T19:29:06.196Z","versionId":"2","labels":{"deployment-scheduled":"true","firebase-functions-hash":"7428469e7564775f62110e90357dd6339b20e81c","deployment-tool":"cli-firebase"},"sourceUploadUrl":"https://storage.googleapis.com/uploads-22679521452.us-central1.cloudfunctions.appspot.com/60501de7-651d-4eee-bb2a-b4557906932b.zip","environmentVariables":{"META_PAGE_ID":"1288310911025589","META_ACCESS_TOKEN":"EAAYu00tVMigBSDGI5vCMFPycP0V01cNduwGZCTFxBdumnDVMWs7xCZByvpKu78wqAdU0ZAo8NaTonhT5LYrAV8NwvAoCZAtfONUg60eTT8pSqYyMJad7oWZB4TXMIRUwZAuwGkeKqRrqE3wsGZBxAab7sBTSZAhoC6uIhXegyiLLZA52a902RPfmTFBDnIQOMwB6dCZCG5","INSTAGRAM_LOGIN_ACCESS_TOKEN":"IGAAPSbL1U0J1BZAFlfSHBDN3JLUU5iYndvTXRmVDRhanJYNFJEOHdqSTYwbU9iVlY4WUpWcUF1NVR3MVFyamtvdHBWSDF0b1E0N3RzRFNoZA1JreE5FRnNZAV2VxMnFuSkZA6STBmQnRJVUFZAUkcyS1ROclBn","INSTAGRAM_LOGIN_USER_ID":"27531874199817261","FIREBASE_CONFIG":"{\"projectId\":\"nuestravoz-uy\",\"storageBucket\":\"nuestravoz-uy.firebasestorage.app\"}","GCLOUD_PROJECT":"nuestravoz-uy","EVENTARC_CLOUD_EVENT_SOURCE":"projects/nuestravoz-uy/locations/us-central1/functions/refreshInstagramToken"},"runtime":"nodejs20","maxInstances":3000,"ingressSettings":"ALLOW_ALL","buildId":"d5a84c30-76bd-45ee-9b77-9420439424e6","buildEnvironmentVariables":{"GOOGLE_NODE_RUN_SCRIPTS":""},"buildName":"projects/499775575806/locations/us-central1/builds/d5a84c30-76bd-45ee-9b77-9420439424e6","dockerRegistry":"ARTIFACT_REGISTRY","automaticUpdatePolicy":{},"buildServiceAccount":"projects/nuestravoz-uy/serviceAccounts/499775575806-compute@developer.gserviceaccount.com","satisfiesPzi":true}]}
[debug] [2026-08-09T20:50:43.003Z] Checked if tokens are valid: true, expires at: 1786312226547
[debug] [2026-08-09T20:50:43.003Z] Checked if tokens are valid: true, expires at: 1786312226547
[debug] [2026-08-09T20:50:43.004Z] >>> [apiv2][query] GET https://cloudfunctions.googleapis.com/v2/projects/nuestravoz-uy/locations/-/functions filter=environment%3D%22GEN_2%22
[debug] [2026-08-09T20:50:44.264Z] <<< [apiv2][status] GET https://cloudfunctions.googleapis.com/v2/projects/nuestravoz-uy/locations/-/functions 200
[debug] [2026-08-09T20:50:44.265Z] <<< [apiv2][body] GET https://cloudfunctions.googleapis.com/v2/projects/nuestravoz-uy/locations/-/functions {}
[info] i  extensions: ensuring required API firebaseextensions.googleapis.com is enabled... 
[debug] [2026-08-09T20:50:44.267Z] > command requires scopes: ["email","openid","https://www.googleapis.com/auth/cloudplatformprojects.readonly","https://www.googleapis.com/auth/firebase","https://www.googleapis.com/auth/cloud-platform"]
[debug] [2026-08-09T20:50:44.267Z] > authorizing via signed-in user (martinriotorto33@gmail.com)
[debug] [2026-08-09T20:50:44.267Z] [iam] checking project nuestravoz-uy for permissions ["firebase.projects.get","firebaseextensions.instances.list"]
[debug] [2026-08-09T20:50:44.268Z] Checked if tokens are valid: true, expires at: 1786312226547
[debug] [2026-08-09T20:50:44.268Z] Checked if tokens are valid: true, expires at: 1786312226547
[debug] [2026-08-09T20:50:44.268Z] >>> [apiv2][query] POST https://cloudresourcemanager.googleapis.com/v1/projects/nuestravoz-uy:testIamPermissions [none]
[debug] [2026-08-09T20:50:44.268Z] >>> [apiv2][(partial)header] POST https://cloudresourcemanager.googleapis.com/v1/projects/nuestravoz-uy:testIamPermissions  x-goog-user-project=nuestravoz-uy
[debug] [2026-08-09T20:50:44.268Z] >>> [apiv2][body] POST https://cloudresourcemanager.googleapis.com/v1/projects/nuestravoz-uy:testIamPermissions {"permissions":["firebase.projects.get","firebaseextensions.instances.list"]}
[debug] [2026-08-09T20:50:45.127Z] <<< [apiv2][status] POST https://cloudresourcemanager.googleapis.com/v1/projects/nuestravoz-uy:testIamPermissions 200
[debug] [2026-08-09T20:50:45.127Z] <<< [apiv2][body] POST https://cloudresourcemanager.googleapis.com/v1/projects/nuestravoz-uy:testIamPermissions {"permissions":["firebase.projects.get","firebaseextensions.instances.list"]}
[debug] [2026-08-09T20:50:45.128Z] Checked if tokens are valid: true, expires at: 1786312226547
[debug] [2026-08-09T20:50:45.128Z] Checked if tokens are valid: true, expires at: 1786312226547
[debug] [2026-08-09T20:50:45.128Z] >>> [apiv2][query] GET https://firebaseextensions.googleapis.com/v1beta/projects/nuestravoz-uy/instances pageSize=100&pageToken=
[debug] [2026-08-09T20:50:46.229Z] <<< [apiv2][status] GET https://firebaseextensions.googleapis.com/v1beta/projects/nuestravoz-uy/instances 200
[debug] [2026-08-09T20:50:46.229Z] <<< [apiv2][body] GET https://firebaseextensions.googleapis.com/v1beta/projects/nuestravoz-uy/instances {}
[info] i  functions: Loaded environment variables from .env. 
[debug] [2026-08-09T20:50:46.231Z] Attempting to merge .env secret bindings {} into declared secrets...)}
[debug] [2026-08-09T20:50:46.232Z] publishToMeta declared secrets: undefined
[debug] [2026-08-09T20:50:46.232Z] refreshInstagramToken declared secrets: undefined
[info] i  functions: preparing functions directory for uploading... 
[info] i  functions: packaged C:\Users\Martin\Repos\HIK\nuestra-voz\functions (30.59 MB) for uploading 
[debug] [2026-08-09T20:51:59.701Z] Checked if tokens are valid: true, expires at: 1786312226547
[debug] [2026-08-09T20:51:59.701Z] Checked if tokens are valid: true, expires at: 1786312226547
[debug] [2026-08-09T20:51:59.701Z] >>> [apiv2][query] GET https://firestore.googleapis.com/v1/projects/nuestravoz-uy/databases/(default) [none]
[debug] [2026-08-09T20:52:00.684Z] <<< [apiv2][status] GET https://firestore.googleapis.com/v1/projects/nuestravoz-uy/databases/(default) 200
[debug] [2026-08-09T20:52:00.684Z] <<< [apiv2][body] GET https://firestore.googleapis.com/v1/projects/nuestravoz-uy/databases/(default) {"name":"projects/nuestravoz-uy/databases/(default)","uid":"dc96025c-9e35-4e57-a5e2-86780df61450","createTime":"2026-08-08T16:26:34.753622Z","updateTime":"2026-08-08T16:26:34.753622Z","locationId":"us-east1","type":"FIRESTORE_NATIVE","concurrencyMode":"PESSIMISTIC","versionRetentionPeriod":"3600s","earliestVersionTime":"2026-08-09T19:52:00.612746Z","appEngineIntegrationMode":"DISABLED","keyPrefix":"p","pointInTimeRecoveryEnablement":"POINT_IN_TIME_RECOVERY_DISABLED","deleteProtectionState":"DELETE_PROTECTION_DISABLED","databaseEdition":"STANDARD","freeTier":true,"realtimeUpdatesMode":"REALTIME_UPDATES_MODE_ENABLED","etag":"ILmlgca2lJYDMMzOn9r2kZYD"}
[info] i  functions: ensuring required API cloudscheduler.googleapis.com is enabled... 
[debug] [2026-08-09T20:52:00.703Z] Checked if tokens are valid: true, expires at: 1786312226547
[debug] [2026-08-09T20:52:00.703Z] Checked if tokens are valid: true, expires at: 1786312226547
[debug] [2026-08-09T20:52:00.703Z] >>> [apiv2][query] GET https://cloudresourcemanager.googleapis.com/v1/projects/nuestravoz-uy [none]
[debug] [2026-08-09T20:52:01.611Z] <<< [apiv2][status] GET https://cloudresourcemanager.googleapis.com/v1/projects/nuestravoz-uy 200
[debug] [2026-08-09T20:52:01.611Z] <<< [apiv2][body] GET https://cloudresourcemanager.googleapis.com/v1/projects/nuestravoz-uy {"projectNumber":"499775575806","projectId":"nuestravoz-uy","lifecycleState":"ACTIVE","name":"Nuestra Voz","labels":{"firebase":"enabled","firebase-core":"disabled"},"createTime":"2026-08-08T15:38:20.322Z"}
[debug] [2026-08-09T20:52:01.620Z] Checked if tokens are valid: true, expires at: 1786312226547
[debug] [2026-08-09T20:52:01.621Z] Checked if tokens are valid: true, expires at: 1786312226547
[debug] [2026-08-09T20:52:01.621Z] >>> [apiv2][query] GET https://cloudbilling.googleapis.com/v1/projects/nuestravoz-uy/billingInfo [none]
[debug] [2026-08-09T20:52:01.622Z] >>> [apiv2][(partial)header] GET https://cloudbilling.googleapis.com/v1/projects/nuestravoz-uy/billingInfo  x-goog-user-project=nuestravoz-uy
[debug] [2026-08-09T20:52:02.696Z] <<< [apiv2][status] GET https://cloudbilling.googleapis.com/v1/projects/nuestravoz-uy/billingInfo 200
[debug] [2026-08-09T20:52:02.696Z] <<< [apiv2][body] GET https://cloudbilling.googleapis.com/v1/projects/nuestravoz-uy/billingInfo {"name":"projects/nuestravoz-uy/billingInfo","projectId":"nuestravoz-uy","billingAccountName":"billingAccounts/01D7ED-5E90E4-34331B","billingEnabled":true}
[debug] [2026-08-09T20:52:02.701Z] Checked if tokens are valid: true, expires at: 1786312226547
[debug] [2026-08-09T20:52:02.701Z] Checked if tokens are valid: true, expires at: 1786312226547
[debug] [2026-08-09T20:52:02.702Z] >>> [apiv2][query] POST https://cloudfunctions.googleapis.com/v1/projects/nuestravoz-uy/locations/us-central1/functions:generateUploadUrl [none]
[debug] [2026-08-09T20:52:02.702Z] >>> [apiv2][body] POST https://cloudfunctions.googleapis.com/v1/projects/nuestravoz-uy/locations/us-central1/functions:generateUploadUrl {}
[debug] [2026-08-09T20:52:03.804Z] <<< [apiv2][status] POST https://cloudfunctions.googleapis.com/v1/projects/nuestravoz-uy/locations/us-central1/functions:generateUploadUrl 200
[debug] [2026-08-09T20:52:03.804Z] <<< [apiv2][body] POST https://cloudfunctions.googleapis.com/v1/projects/nuestravoz-uy/locations/us-central1/functions:generateUploadUrl {"uploadUrl":"https://storage.googleapis.com/uploads-22679521452.us-central1.cloudfunctions.appspot.com/5d5a049a-a32b-4808-9302-a286396bd47c.zip?GoogleAccessId=service-499775575806@gcf-admin-robot.iam.gserviceaccount.com&Expires=1786310523&Signature=c0t1laBrRk22OzjUoQcg0gkbYB4jIbRWXEMypH7Kg6NHvEkcs7Zra0bgB2plA6VWHqgJ%2Bw9jouUPuS5DBsF4H45nO324FwJlsfmxo9c7glBjQLXkl%2FOdXTL2jdW3EqAzur9eD2qjLZ9gwcSAkIsXlDbB9CtF8s8SutTmpy1GOv%2F5T778Crr12G1q7XNRFfcejQzwTqnIEF2an4Itks9VP9SeczaTIQ2D2V3kblmuIR8fASo3pYzRGTXtOznu%2FLa54%2B9qkBpcTumPLcTDsFxucLL6aKv2MkJIJphqOs4jxKJ%2FvuQW%2FmqiX9Of%2F%2FCivjl6K797Kz%2BycwlDEDutChelNQ%3D%3D"}
[debug] [2026-08-09T20:52:03.818Z] >>> [apiv2][query] PUT https://storage.googleapis.com/uploads-22679521452.us-central1.cloudfunctions.appspot.com/5d5a049a-a32b-4808-9302-a286396bd47c.zip GoogleAccessId=service-499775575806%40gcf-admin-robot.iam.gserviceaccount.com&Expires=1786310523&Signature=c0t1laBrRk22OzjUoQcg0gkbYB4jIbRWXEMypH7Kg6NHvEkcs7Zra0bgB2plA6VWHqgJ%2Bw9jouUPuS5DBsF4H45nO324FwJlsfmxo9c7glBjQLXkl%2FOdXTL2jdW3EqAzur9eD2qjLZ9gwcSAkIsXlDbB9CtF8s8SutTmpy1GOv%2F5T778Crr12G1q7XNRFfcejQzwTqnIEF2an4Itks9VP9SeczaTIQ2D2V3kblmuIR8fASo3pYzRGTXtOznu%2FLa54%2B9qkBpcTumPLcTDsFxucLL6aKv2MkJIJphqOs4jxKJ%2FvuQW%2FmqiX9Of%2F%2FCivjl6K797Kz%2BycwlDEDutChelNQ%3D%3D
[debug] [2026-08-09T20:52:03.818Z] >>> [apiv2][body] PUT https://storage.googleapis.com/uploads-22679521452.us-central1.cloudfunctions.appspot.com/5d5a049a-a32b-4808-9302-a286396bd47c.zip [stream]
[debug] [2026-08-09T20:52:13.425Z] <<< [apiv2][status] PUT https://storage.googleapis.com/uploads-22679521452.us-central1.cloudfunctions.appspot.com/5d5a049a-a32b-4808-9302-a286396bd47c.zip 200
[debug] [2026-08-09T20:52:13.426Z] <<< [apiv2][body] PUT https://storage.googleapis.com/uploads-22679521452.us-central1.cloudfunctions.appspot.com/5d5a049a-a32b-4808-9302-a286396bd47c.zip [omitted]
[info] +  functions: functions source uploaded successfully 
[info] i  functions: updating Node.js 20 (1st Gen) function publishToMeta(us-central1)... 
[info] i  functions: updating Node.js 20 (1st Gen) function refreshInstagramToken(us-central1)... 
[debug] [2026-08-09T20:52:13.531Z] Checked if tokens are valid: true, expires at: 1786312226547
[debug] [2026-08-09T20:52:13.532Z] Checked if tokens are valid: true, expires at: 1786312226547
[debug] [2026-08-09T20:52:13.532Z] >>> [apiv2][query] PATCH https://cloudfunctions.googleapis.com/v1/projects/nuestravoz-uy/locations/us-central1/functions/publishToMeta updateMask=name%2CsourceUploadUrl%2CentryPoint%2Cruntime%2CdockerRegistry%2Clabels%2CeventTrigger.eventType%2CeventTrigger.resource%2CeventTrigger.failurePolicy%2CminInstances%2CmaxInstances%2CingressSettings%2CenvironmentVariables%2CserviceAccountEmail%2CavailableMemoryMb%2Ctimeout%2CvpcConnector%2CvpcConnectorEgressSettings%2CsourceToken%2CbuildEnvironmentVariables
[debug] [2026-08-09T20:52:13.532Z] >>> [apiv2][body] PATCH https://cloudfunctions.googleapis.com/v1/projects/nuestravoz-uy/locations/us-central1/functions/publishToMeta {"name":"projects/nuestravoz-uy/locations/us-central1/functions/publishToMeta","sourceUploadUrl":"https://storage.googleapis.com/uploads-22679521452.us-central1.cloudfunctions.appspot.com/5d5a049a-a32b-4808-9302-a286396bd47c.zip?GoogleAccessId=service-499775575806@gcf-admin-robot.iam.gserviceaccount.com&Expires=1786310523&Signature=c0t1laBrRk22OzjUoQcg0gkbYB4jIbRWXEMypH7Kg6NHvEkcs7Zra0bgB2plA6VWHqgJ%2Bw9jouUPuS5DBsF4H45nO324FwJlsfmxo9c7glBjQLXkl%2FOdXTL2jdW3EqAzur9eD2qjLZ9gwcSAkIsXlDbB9CtF8s8SutTmpy1GOv%2F5T778Crr12G1q7XNRFfcejQzwTqnIEF2an4Itks9VP9SeczaTIQ2D2V3kblmuIR8fASo3pYzRGTXtOznu%2FLa54%2B9qkBpcTumPLcTDsFxucLL6aKv2MkJIJphqOs4jxKJ%2FvuQW%2FmqiX9Of%2F%2FCivjl6K797Kz%2BycwlDEDutChelNQ%3D%3D","entryPoint":"publishToMeta","runtime":"nodejs20","dockerRegistry":"ARTIFACT_REGISTRY","labels":{"deployment-tool":"cli-firebase","firebase-functions-hash":"d27e13084a3fea8bbe4e0e03e852029fd1feb174"},"eventTrigger":{"eventType":"providers/cloud.firestore/eventTypes/document.write","resource":"projects/nuestravoz-uy/databases/(default)/documents/publicaciones/{pubId}"},"minInstances":null,"maxInstances":null,"ingressSettings":null,"environmentVariables":{"META_PAGE_ID":"1288310911025589","META_ACCESS_TOKEN":"EAAYu00tVMigBSG28MVttR5xknNZAQbhR3FBOc5sVCfE4FDsBUT89mdCpeCXYc6mXgj4oZBbSvdKcDUjS8cud3ZAW9PvnYaWNMbmPoMeditYJTiNR5CX26dUGuMqgYCqpRxt3L5OV4uqDbMlyvPB0Y38qQTZCJ255dUqBd77AIZBc7oki5HkbEE5RTjezcyZBZC2UAZBbwwS5","INSTAGRAM_LOGIN_ACCESS_TOKEN":"IGAAPSbL1U0J1BZAFlfSHBDN3JLUU5iYndvTXRmVDRhanJYNFJEOHdqSTYwbU9iVlY4WUpWcUF1NVR3MVFyamtvdHBWSDF0b1E0N3RzRFNoZA1JreE5FRnNZAV2VxMnFuSkZA6STBmQnRJVUFZAUkcyS1ROclBn","INSTAGRAM_LOGIN_USER_ID":"27531874199817261","FIREBASE_CONFIG":"{\"projectId\":\"nuestravoz-uy\",\"storageBucket\":\"nuestravoz-uy.firebasestorage.app\"}","GCLOUD_PROJECT":"nuestravoz-uy","EVENTARC_CLOUD_EVENT_SOURCE":"projects/nuestravoz-uy/locations/us-central1/functions/publishToMeta"},"serviceAccountEmail":null,"availableMemoryMb":null,"timeout":null,"vpcConnector":null,"vpcConnectorEgressSettings":null,"buildEnvironmentVariables":{"GOOGLE_NODE_RUN_SCRIPTS":""}}
[debug] [2026-08-09T20:52:14.545Z] <<< [apiv2][status] PATCH https://cloudfunctions.googleapis.com/v1/projects/nuestravoz-uy/locations/us-central1/functions/publishToMeta 200
[debug] [2026-08-09T20:52:14.546Z] <<< [apiv2][body] PATCH https://cloudfunctions.googleapis.com/v1/projects/nuestravoz-uy/locations/us-central1/functions/publishToMeta {"name":"operations/bnVlc3RyYXZvei11eS91cy1jZW50cmFsMS9wdWJsaXNoVG9NZXRhLzM4ZEQtbklfeVZZ","metadata":{"@type":"type.googleapis.com/google.cloud.functions.v1.OperationMetadataV1","target":"projects/nuestravoz-uy/locations/us-central1/functions/publishToMeta","type":"UPDATE_FUNCTION","request":{"@type":"type.googleapis.com/google.cloud.functions.v1.CloudFunction","name":"projects/nuestravoz-uy/locations/us-central1/functions/publishToMeta","eventTrigger":{"eventType":"providers/cloud.firestore/eventTypes/document.write","resource":"projects/nuestravoz-uy/databases/(default)/documents/publicaciones/{pubId}","service":"firestore.googleapis.com"},"status":"ACTIVE","entryPoint":"publishToMeta","updateTime":"2026-08-09T19:28:52.670Z","versionId":"7","labels":{"deployment-tool":"cli-firebase","firebase-functions-hash":"d27e13084a3fea8bbe4e0e03e852029fd1feb174"},"sourceUploadUrl":"https://storage.googleapis.com/uploads-22679521452.us-central1.cloudfunctions.appspot.com/5d5a049a-a32b-4808-9302-a286396bd47c.zip?GoogleAccessId=service-499775575806@gcf-admin-robot.iam.gserviceaccount.com&Expires=1786310523&Signature=c0t1laBrRk22OzjUoQcg0gkbYB4jIbRWXEMypH7Kg6NHvEkcs7Zra0bgB2plA6VWHqgJ%2Bw9jouUPuS5DBsF4H45nO324FwJlsfmxo9c7glBjQLXkl%2FOdXTL2jdW3EqAzur9eD2qjLZ9gwcSAkIsXlDbB9CtF8s8SutTmpy1GOv%2F5T778Crr12G1q7XNRFfcejQzwTqnIEF2an4Itks9VP9SeczaTIQ2D2V3kblmuIR8fASo3pYzRGTXtOznu%2FLa54%2B9qkBpcTumPLcTDsFxucLL6aKv2MkJIJphqOs4jxKJ%2FvuQW%2FmqiX9Of%2F%2FCivjl6K797Kz%2BycwlDEDutChelNQ%3D%3D","environmentVariables":{"META_PAGE_ID":"1288310911025589","META_ACCESS_TOKEN":"EAAYu00tVMigBSG28MVttR5xknNZAQbhR3FBOc5sVCfE4FDsBUT89mdCpeCXYc6mXgj4oZBbSvdKcDUjS8cud3ZAW9PvnYaWNMbmPoMeditYJTiNR5CX26dUGuMqgYCqpRxt3L5OV4uqDbMlyvPB0Y38qQTZCJ255dUqBd77AIZBc7oki5HkbEE5RTjezcyZBZC2UAZBbwwS5","INSTAGRAM_LOGIN_ACCESS_TOKEN":"IGAAPSbL1U0J1BZAFlfSHBDN3JLUU5iYndvTXRmVDRhanJYNFJEOHdqSTYwbU9iVlY4WUpWcUF1NVR3MVFyamtvdHBWSDF0b1E0N3RzRFNoZA1JreE5FRnNZAV2VxMnFuSkZA6STBmQnRJVUFZAUkcyS1ROclBn","INSTAGRAM_LOGIN_USER_ID":"27531874199817261","FIREBASE_CONFIG":"{\"projectId\":\"nuestravoz-uy\",\"storageBucket\":\"nuestravoz-uy.firebasestorage.app\"}","GCLOUD_PROJECT":"nuestravoz-uy","EVENTARC_CLOUD_EVENT_SOURCE":"projects/nuestravoz-uy/locations/us-central1/functions/publishToMeta"},"runtime":"nodejs20","buildId":"d5a84c30-76bd-45ee-9b77-9420439424e6","buildEnvironmentVariables":{"GOOGLE_NODE_RUN_SCRIPTS":""},"buildName":"projects/499775575806/locations/us-central1/builds/d5a84c30-76bd-45ee-9b77-9420439424e6","dockerRegistry":"ARTIFACT_REGISTRY","automaticUpdatePolicy":{},"buildServiceAccount":"projects/nuestravoz-uy/serviceAccounts/499775575806-compute@developer.gserviceaccount.com"},"versionId":"8","updateTime":"2026-08-09T20:52:14Z"}}
[debug] [2026-08-09T20:52:14.547Z] Checked if tokens are valid: true, expires at: 1786312226547
[debug] [2026-08-09T20:52:14.547Z] Checked if tokens are valid: true, expires at: 1786312226547
[debug] [2026-08-09T20:52:14.548Z] >>> [apiv2][query] GET https://cloudfunctions.googleapis.com/v1/operations/bnVlc3RyYXZvei11eS91cy1jZW50cmFsMS9wdWJsaXNoVG9NZXRhLzM4ZEQtbklfeVZZ [none]
[debug] [2026-08-09T20:52:15.143Z] <<< [apiv2][status] GET https://cloudfunctions.googleapis.com/v1/operations/bnVlc3RyYXZvei11eS91cy1jZW50cmFsMS9wdWJsaXNoVG9NZXRhLzM4ZEQtbklfeVZZ 200
[debug] [2026-08-09T20:52:15.143Z] <<< [apiv2][body] GET https://cloudfunctions.googleapis.com/v1/operations/bnVlc3RyYXZvei11eS91cy1jZW50cmFsMS9wdWJsaXNoVG9NZXRhLzM4ZEQtbklfeVZZ {"name":"operations/bnVlc3RyYXZvei11eS91cy1jZW50cmFsMS9wdWJsaXNoVG9NZXRhLzM4ZEQtbklfeVZZ","metadata":{"@type":"type.googleapis.com/google.cloud.functions.v1.OperationMetadataV1","target":"projects/nuestravoz-uy/locations/us-central1/functions/publishToMeta","type":"UPDATE_FUNCTION","request":{"@type":"type.googleapis.com/google.cloud.functions.v1.CloudFunction","name":"projects/nuestravoz-uy/locations/us-central1/functions/publishToMeta","eventTrigger":{"eventType":"providers/cloud.firestore/eventTypes/document.write","resource":"projects/nuestravoz-uy/databases/(default)/documents/publicaciones/{pubId}","service":"firestore.googleapis.com"},"status":"ACTIVE","entryPoint":"publishToMeta","updateTime":"2026-08-09T19:28:52.670Z","versionId":"7","labels":{"deployment-tool":"cli-firebase","firebase-functions-hash":"d27e13084a3fea8bbe4e0e03e852029fd1feb174"},"sourceUploadUrl":"https://storage.googleapis.com/uploads-22679521452.us-central1.cloudfunctions.appspot.com/5d5a049a-a32b-4808-9302-a286396bd47c.zip?GoogleAccessId=service-499775575806@gcf-admin-robot.iam.gserviceaccount.com&Expires=1786310523&Signature=c0t1laBrRk22OzjUoQcg0gkbYB4jIbRWXEMypH7Kg6NHvEkcs7Zra0bgB2plA6VWHqgJ%2Bw9jouUPuS5DBsF4H45nO324FwJlsfmxo9c7glBjQLXkl%2FOdXTL2jdW3EqAzur9eD2qjLZ9gwcSAkIsXlDbB9CtF8s8SutTmpy1GOv%2F5T778Crr12G1q7XNRFfcejQzwTqnIEF2an4Itks9VP9SeczaTIQ2D2V3kblmuIR8fASo3pYzRGTXtOznu%2FLa54%2B9qkBpcTumPLcTDsFxucLL6aKv2MkJIJphqOs4jxKJ%2FvuQW%2FmqiX9Of%2F%2FCivjl6K797Kz%2BycwlDEDutChelNQ%3D%3D","environmentVariables":{"META_PAGE_ID":"1288310911025589","META_ACCESS_TOKEN":"EAAYu00tVMigBSG28MVttR5xknNZAQbhR3FBOc5sVCfE4FDsBUT89mdCpeCXYc6mXgj4oZBbSvdKcDUjS8cud3ZAW9PvnYaWNMbmPoMeditYJTiNR5CX26dUGuMqgYCqpRxt3L5OV4uqDbMlyvPB0Y38qQTZCJ255dUqBd77AIZBc7oki5HkbEE5RTjezcyZBZC2UAZBbwwS5","INSTAGRAM_LOGIN_ACCESS_TOKEN":"IGAAPSbL1U0J1BZAFlfSHBDN3JLUU5iYndvTXRmVDRhanJYNFJEOHdqSTYwbU9iVlY4WUpWcUF1NVR3MVFyamtvdHBWSDF0b1E0N3RzRFNoZA1JreE5FRnNZAV2VxMnFuSkZA6STBmQnRJVUFZAUkcyS1ROclBn","INSTAGRAM_LOGIN_USER_ID":"27531874199817261","FIREBASE_CONFIG":"{\"projectId\":\"nuestravoz-uy\",\"storageBucket\":\"nuestravoz-uy.firebasestorage.app\"}","GCLOUD_PROJECT":"nuestravoz-uy","EVENTARC_CLOUD_EVENT_SOURCE":"projects/nuestravoz-uy/locations/us-central1/functions/publishToMeta"},"runtime":"nodejs20","buildId":"d5a84c30-76bd-45ee-9b77-9420439424e6","buildEnvironmentVariables":{"GOOGLE_NODE_RUN_SCRIPTS":""},"buildName":"projects/499775575806/locations/us-central1/builds/d5a84c30-76bd-45ee-9b77-9420439424e6","dockerRegistry":"ARTIFACT_REGISTRY","automaticUpdatePolicy":{},"buildServiceAccount":"projects/nuestravoz-uy/serviceAccounts/499775575806-compute@developer.gserviceaccount.com"},"versionId":"8","updateTime":"2026-08-09T20:52:14Z"}}
[debug] [2026-08-09T20:52:15.652Z] [update-default-us-central1-publishToMeta] Retrying task index 0
[debug] [2026-08-09T20:52:15.652Z] Checked if tokens are valid: true, expires at: 1786312226547
[debug] [2026-08-09T20:52:15.652Z] Checked if tokens are valid: true, expires at: 1786312226547
[debug] [2026-08-09T20:52:15.653Z] >>> [apiv2][query] GET https://cloudfunctions.googleapis.com/v1/operations/bnVlc3RyYXZvei11eS91cy1jZW50cmFsMS9wdWJsaXNoVG9NZXRhLzM4ZEQtbklfeVZZ [none]
[debug] [2026-08-09T20:52:16.284Z] <<< [apiv2][status] GET https://cloudfunctions.googleapis.com/v1/operations/bnVlc3RyYXZvei11eS91cy1jZW50cmFsMS9wdWJsaXNoVG9NZXRhLzM4ZEQtbklfeVZZ 200
[debug] [2026-08-09T20:52:16.284Z] <<< [apiv2][body] GET https://cloudfunctions.googleapis.com/v1/operations/bnVlc3RyYXZvei11eS91cy1jZW50cmFsMS9wdWJsaXNoVG9NZXRhLzM4ZEQtbklfeVZZ {"name":"operations/bnVlc3RyYXZvei11eS91cy1jZW50cmFsMS9wdWJsaXNoVG9NZXRhLzM4ZEQtbklfeVZZ","metadata":{"@type":"type.googleapis.com/google.cloud.functions.v1.OperationMetadataV1","target":"projects/nuestravoz-uy/locations/us-central1/functions/publishToMeta","type":"UPDATE_FUNCTION","request":{"@type":"type.googleapis.com/google.cloud.functions.v1.CloudFunction","name":"projects/nuestravoz-uy/locations/us-central1/functions/publishToMeta","eventTrigger":{"eventType":"providers/cloud.firestore/eventTypes/document.write","resource":"projects/nuestravoz-uy/databases/(default)/documents/publicaciones/{pubId}","service":"firestore.googleapis.com"},"status":"ACTIVE","entryPoint":"publishToMeta","updateTime":"2026-08-09T19:28:52.670Z","versionId":"7","labels":{"deployment-tool":"cli-firebase","firebase-functions-hash":"d27e13084a3fea8bbe4e0e03e852029fd1feb174"},"sourceUploadUrl":"https://storage.googleapis.com/uploads-22679521452.us-central1.cloudfunctions.appspot.com/5d5a049a-a32b-4808-9302-a286396bd47c.zip?GoogleAccessId=service-499775575806@gcf-admin-robot.iam.gserviceaccount.com&Expires=1786310523&Signature=c0t1laBrRk22OzjUoQcg0gkbYB4jIbRWXEMypH7Kg6NHvEkcs7Zra0bgB2plA6VWHqgJ%2Bw9jouUPuS5DBsF4H45nO324FwJlsfmxo9c7glBjQLXkl%2FOdXTL2jdW3EqAzur9eD2qjLZ9gwcSAkIsXlDbB9CtF8s8SutTmpy1GOv%2F5T778Crr12G1q7XNRFfcejQzwTqnIEF2an4Itks9VP9SeczaTIQ2D2V3kblmuIR8fASo3pYzRGTXtOznu%2FLa54%2B9qkBpcTumPLcTDsFxucLL6aKv2MkJIJphqOs4jxKJ%2FvuQW%2FmqiX9Of%2F%2FCivjl6K797Kz%2BycwlDEDutChelNQ%3D%3D","environmentVariables":{"META_PAGE_ID":"1288310911025589","META_ACCESS_TOKEN":"EAAYu00tVMigBSG28MVttR5xknNZAQbhR3FBOc5sVCfE4FDsBUT89mdCpeCXYc6mXgj4oZBbSvdKcDUjS8cud3ZAW9PvnYaWNMbmPoMeditYJTiNR5CX26dUGuMqgYCqpRxt3L5OV4uqDbMlyvPB0Y38qQTZCJ255dUqBd77AIZBc7oki5HkbEE5RTjezcyZBZC2UAZBbwwS5","INSTAGRAM_LOGIN_ACCESS_TOKEN":"IGAAPSbL1U0J1BZAFlfSHBDN3JLUU5iYndvTXRmVDRhanJYNFJEOHdqSTYwbU9iVlY4WUpWcUF1NVR3MVFyamtvdHBWSDF0b1E0N3RzRFNoZA1JreE5FRnNZAV2VxMnFuSkZA6STBmQnRJVUFZAUkcyS1ROclBn","INSTAGRAM_LOGIN_USER_ID":"27531874199817261","FIREBASE_CONFIG":"{\"projectId\":\"nuestravoz-uy\",\"storageBucket\":\"nuestravoz-uy.firebasestorage.app\"}","GCLOUD_PROJECT":"nuestravoz-uy","EVENTARC_CLOUD_EVENT_SOURCE":"projects/nuestravoz-uy/locations/us-central1/functions/publishToMeta"},"runtime":"nodejs20","buildId":"d5a84c30-76bd-45ee-9b77-9420439424e6","buildEnvironmentVariables":{"GOOGLE_NODE_RUN_SCRIPTS":""},"buildName":"projects/499775575806/locations/us-central1/builds/d5a84c30-76bd-45ee-9b77-9420439424e6","dockerRegistry":"ARTIFACT_REGISTRY","automaticUpdatePolicy":{},"buildServiceAccount":"projects/nuestravoz-uy/serviceAccounts/499775575806-compute@developer.gserviceaccount.com"},"versionId":"8","updateTime":"2026-08-09T20:52:14Z","buildId":"3f4b1b5b-92c0-411d-9572-34e53a06ea65","buildName":"projects/499775575806/locations/us-central1/builds/3f4b1b5b-92c0-411d-9572-34e53a06ea65"}}
[debug] [2026-08-09T20:52:17.288Z] [update-default-us-central1-publishToMeta] Retrying task index 0
[debug] [2026-08-09T20:52:17.288Z] Checked if tokens are valid: true, expires at: 1786312226547
[debug] [2026-08-09T20:52:17.288Z] Checked if tokens are valid: true, expires at: 1786312226547
[debug] [2026-08-09T20:52:17.288Z] >>> [apiv2][query] GET https://cloudfunctions.googleapis.com/v1/operations/bnVlc3RyYXZvei11eS91cy1jZW50cmFsMS9wdWJsaXNoVG9NZXRhLzM4ZEQtbklfeVZZ [none]
[debug] [2026-08-09T20:52:17.888Z] <<< [apiv2][status] GET https://cloudfunctions.googleapis.com/v1/operations/bnVlc3RyYXZvei11eS91cy1jZW50cmFsMS9wdWJsaXNoVG9NZXRhLzM4ZEQtbklfeVZZ 200
[debug] [2026-08-09T20:52:17.888Z] <<< [apiv2][body] GET https://cloudfunctions.googleapis.com/v1/operations/bnVlc3RyYXZvei11eS91cy1jZW50cmFsMS9wdWJsaXNoVG9NZXRhLzM4ZEQtbklfeVZZ {"name":"operations/bnVlc3RyYXZvei11eS91cy1jZW50cmFsMS9wdWJsaXNoVG9NZXRhLzM4ZEQtbklfeVZZ","metadata":{"@type":"type.googleapis.com/google.cloud.functions.v1.OperationMetadataV1","target":"projects/nuestravoz-uy/locations/us-central1/functions/publishToMeta","type":"UPDATE_FUNCTION","request":{"@type":"type.googleapis.com/google.cloud.functions.v1.CloudFunction","name":"projects/nuestravoz-uy/locations/us-central1/functions/publishToMeta","eventTrigger":{"eventType":"providers/cloud.firestore/eventTypes/document.write","resource":"projects/nuestravoz-uy/databases/(default)/documents/publicaciones/{pubId}","service":"firestore.googleapis.com"},"status":"ACTIVE","entryPoint":"publishToMeta","updateTime":"2026-08-09T19:28:52.670Z","versionId":"7","labels":{"deployment-tool":"cli-firebase","firebase-functions-hash":"d27e13084a3fea8bbe4e0e03e852029fd1feb174"},"sourceUploadUrl":"https://storage.googleapis.com/uploads-22679521452.us-central1.cloudfunctions.appspot.com/5d5a049a-a32b-4808-9302-a286396bd47c.zip?GoogleAccessId=service-499775575806@gcf-admin-robot.iam.gserviceaccount.com&Expires=1786310523&Signature=c0t1laBrRk22OzjUoQcg0gkbYB4jIbRWXEMypH7Kg6NHvEkcs7Zra0bgB2plA6VWHqgJ%2Bw9jouUPuS5DBsF4H45nO324FwJlsfmxo9c7glBjQLXkl%2FOdXTL2jdW3EqAzur9eD2qjLZ9gwcSAkIsXlDbB9CtF8s8SutTmpy1GOv%2F5T778Crr12G1q7XNRFfcejQzwTqnIEF2an4Itks9VP9SeczaTIQ2D2V3kblmuIR8fASo3pYzRGTXtOznu%2FLa54%2B9qkBpcTumPLcTDsFxucLL6aKv2MkJIJphqOs4jxKJ%2FvuQW%2FmqiX9Of%2F%2FCivjl6K797Kz%2BycwlDEDutChelNQ%3D%3D","environmentVariables":{"META_PAGE_ID":"1288310911025589","META_ACCESS_TOKEN":"EAAYu00tVMigBSG28MVttR5xknNZAQbhR3FBOc5sVCfE4FDsBUT89mdCpeCXYc6mXgj4oZBbSvdKcDUjS8cud3ZAW9PvnYaWNMbmPoMeditYJTiNR5CX26dUGuMqgYCqpRxt3L5OV4uqDbMlyvPB0Y38qQTZCJ255dUqBd77AIZBc7oki5HkbEE5RTjezcyZBZC2UAZBbwwS5","INSTAGRAM_LOGIN_ACCESS_TOKEN":"IGAAPSbL1U0J1BZAFlfSHBDN3JLUU5iYndvTXRmVDRhanJYNFJEOHdqSTYwbU9iVlY4WUpWcUF1NVR3MVFyamtvdHBWSDF0b1E0N3RzRFNoZA1JreE5FRnNZAV2VxMnFuSkZA6STBmQnRJVUFZAUkcyS1ROclBn","INSTAGRAM_LOGIN_USER_ID":"27531874199817261","FIREBASE_CONFIG":"{\"projectId\":\"nuestravoz-uy\",\"storageBucket\":\"nuestravoz-uy.firebasestorage.app\"}","GCLOUD_PROJECT":"nuestravoz-uy","EVENTARC_CLOUD_EVENT_SOURCE":"projects/nuestravoz-uy/locations/us-central1/functions/publishToMeta"},"runtime":"nodejs20","buildId":"d5a84c30-76bd-45ee-9b77-9420439424e6","buildEnvironmentVariables":{"GOOGLE_NODE_RUN_SCRIPTS":""},"buildName":"projects/499775575806/locations/us-central1/builds/d5a84c30-76bd-45ee-9b77-9420439424e6","dockerRegistry":"ARTIFACT_REGISTRY","automaticUpdatePolicy":{},"buildServiceAccount":"projects/nuestravoz-uy/serviceAccounts/499775575806-compute@developer.gserviceaccount.com"},"versionId":"8","updateTime":"2026-08-09T20:52:14Z","buildId":"3f4b1b5b-92c0-411d-9572-34e53a06ea65","buildName":"projects/499775575806/locations/us-central1/builds/3f4b1b5b-92c0-411d-9572-34e53a06ea65"}}
[debug] [2026-08-09T20:52:19.894Z] [update-default-us-central1-publishToMeta] Retrying task index 0
[debug] [2026-08-09T20:52:19.894Z] Checked if tokens are valid: true, expires at: 1786312226547
[debug] [2026-08-09T20:52:19.894Z] Checked if tokens are valid: true, expires at: 1786312226547
[debug] [2026-08-09T20:52:19.895Z] >>> [apiv2][query] GET https://cloudfunctions.googleapis.com/v1/operations/bnVlc3RyYXZvei11eS91cy1jZW50cmFsMS9wdWJsaXNoVG9NZXRhLzM4ZEQtbklfeVZZ [none]
[debug] [2026-08-09T20:52:20.415Z] <<< [apiv2][status] GET https://cloudfunctions.googleapis.com/v1/operations/bnVlc3RyYXZvei11eS91cy1jZW50cmFsMS9wdWJsaXNoVG9NZXRhLzM4ZEQtbklfeVZZ 200
[debug] [2026-08-09T20:52:20.416Z] <<< [apiv2][body] GET https://cloudfunctions.googleapis.com/v1/operations/bnVlc3RyYXZvei11eS91cy1jZW50cmFsMS9wdWJsaXNoVG9NZXRhLzM4ZEQtbklfeVZZ {"name":"operations/bnVlc3RyYXZvei11eS91cy1jZW50cmFsMS9wdWJsaXNoVG9NZXRhLzM4ZEQtbklfeVZZ","metadata":{"@type":"type.googleapis.com/google.cloud.functions.v1.OperationMetadataV1","target":"projects/nuestravoz-uy/locations/us-central1/functions/publishToMeta","type":"UPDATE_FUNCTION","request":{"@type":"type.googleapis.com/google.cloud.functions.v1.CloudFunction","name":"projects/nuestravoz-uy/locations/us-central1/functions/publishToMeta","eventTrigger":{"eventType":"providers/cloud.firestore/eventTypes/document.write","resource":"projects/nuestravoz-uy/databases/(default)/documents/publicaciones/{pubId}","service":"firestore.googleapis.com"},"status":"ACTIVE","entryPoint":"publishToMeta","updateTime":"2026-08-09T19:28:52.670Z","versionId":"7","labels":{"deployment-tool":"cli-firebase","firebase-functions-hash":"d27e13084a3fea8bbe4e0e03e852029fd1feb174"},"sourceUploadUrl":"https://storage.googleapis.com/uploads-22679521452.us-central1.cloudfunctions.appspot.com/5d5a049a-a32b-4808-9302-a286396bd47c.zip?GoogleAccessId=service-499775575806@gcf-admin-robot.iam.gserviceaccount.com&Expires=1786310523&Signature=c0t1laBrRk22OzjUoQcg0gkbYB4jIbRWXEMypH7Kg6NHvEkcs7Zra0bgB2plA6VWHqgJ%2Bw9jouUPuS5DBsF4H45nO324FwJlsfmxo9c7glBjQLXkl%2FOdXTL2jdW3EqAzur9eD2qjLZ9gwcSAkIsXlDbB9CtF8s8SutTmpy1GOv%2F5T778Crr12G1q7XNRFfcejQzwTqnIEF2an4Itks9VP9SeczaTIQ2D2V3kblmuIR8fASo3pYzRGTXtOznu%2FLa54%2B9qkBpcTumPLcTDsFxucLL6aKv2MkJIJphqOs4jxKJ%2FvuQW%2FmqiX9Of%2F%2FCivjl6K797Kz%2BycwlDEDutChelNQ%3D%3D","environmentVariables":{"META_PAGE_ID":"1288310911025589","META_ACCESS_TOKEN":"EAAYu00tVMigBSG28MVttR5xknNZAQbhR3FBOc5sVCfE4FDsBUT89mdCpeCXYc6mXgj4oZBbSvdKcDUjS8cud3ZAW9PvnYaWNMbmPoMeditYJTiNR5CX26dUGuMqgYCqpRxt3L5OV4uqDbMlyvPB0Y38qQTZCJ255dUqBd77AIZBc7oki5HkbEE5RTjezcyZBZC2UAZBbwwS5","INSTAGRAM_LOGIN_ACCESS_TOKEN":"IGAAPSbL1U0J1BZAFlfSHBDN3JLUU5iYndvTXRmVDRhanJYNFJEOHdqSTYwbU9iVlY4WUpWcUF1NVR3MVFyamtvdHBWSDF0b1E0N3RzRFNoZA1JreE5FRnNZAV2VxMnFuSkZA6STBmQnRJVUFZAUkcyS1ROclBn","INSTAGRAM_LOGIN_USER_ID":"27531874199817261","FIREBASE_CONFIG":"{\"projectId\":\"nuestravoz-uy\",\"storageBucket\":\"nuestravoz-uy.firebasestorage.app\"}","GCLOUD_PROJECT":"nuestravoz-uy","EVENTARC_CLOUD_EVENT_SOURCE":"projects/nuestravoz-uy/locations/us-central1/functions/publishToMeta"},"runtime":"nodejs20","buildId":"d5a84c30-76bd-45ee-9b77-9420439424e6","buildEnvironmentVariables":{"GOOGLE_NODE_RUN_SCRIPTS":""},"buildName":"projects/499775575806/locations/us-central1/builds/d5a84c30-76bd-45ee-9b77-9420439424e6","dockerRegistry":"ARTIFACT_REGISTRY","automaticUpdatePolicy":{},"buildServiceAccount":"projects/nuestravoz-uy/serviceAccounts/499775575806-compute@developer.gserviceaccount.com"},"versionId":"8","updateTime":"2026-08-09T20:52:14Z","buildId":"3f4b1b5b-92c0-411d-9572-34e53a06ea65","buildName":"projects/499775575806/locations/us-central1/builds/3f4b1b5b-92c0-411d-9572-34e53a06ea65"}}
[debug] [2026-08-09T20:52:24.420Z] [update-default-us-central1-publishToMeta] Retrying task index 0
[debug] [2026-08-09T20:52:24.420Z] Checked if tokens are valid: true, expires at: 1786312226547
[debug] [2026-08-09T20:52:24.420Z] Checked if tokens are valid: true, expires at: 1786312226547
[debug] [2026-08-09T20:52:24.421Z] >>> [apiv2][query] GET https://cloudfunctions.googleapis.com/v1/operations/bnVlc3RyYXZvei11eS91cy1jZW50cmFsMS9wdWJsaXNoVG9NZXRhLzM4ZEQtbklfeVZZ [none]
[debug] [2026-08-09T20:52:25.072Z] <<< [apiv2][status] GET https://cloudfunctions.googleapis.com/v1/operations/bnVlc3RyYXZvei11eS91cy1jZW50cmFsMS9wdWJsaXNoVG9NZXRhLzM4ZEQtbklfeVZZ 200
[debug] [2026-08-09T20:52:25.072Z] <<< [apiv2][body] GET https://cloudfunctions.googleapis.com/v1/operations/bnVlc3RyYXZvei11eS91cy1jZW50cmFsMS9wdWJsaXNoVG9NZXRhLzM4ZEQtbklfeVZZ {"name":"operations/bnVlc3RyYXZvei11eS91cy1jZW50cmFsMS9wdWJsaXNoVG9NZXRhLzM4ZEQtbklfeVZZ","metadata":{"@type":"type.googleapis.com/google.cloud.functions.v1.OperationMetadataV1","target":"projects/nuestravoz-uy/locations/us-central1/functions/publishToMeta","type":"UPDATE_FUNCTION","request":{"@type":"type.googleapis.com/google.cloud.functions.v1.CloudFunction","name":"projects/nuestravoz-uy/locations/us-central1/functions/publishToMeta","eventTrigger":{"eventType":"providers/cloud.firestore/eventTypes/document.write","resource":"projects/nuestravoz-uy/databases/(default)/documents/publicaciones/{pubId}","service":"firestore.googleapis.com"},"status":"ACTIVE","entryPoint":"publishToMeta","updateTime":"2026-08-09T19:28:52.670Z","versionId":"7","labels":{"deployment-tool":"cli-firebase","firebase-functions-hash":"d27e13084a3fea8bbe4e0e03e852029fd1feb174"},"sourceUploadUrl":"https://storage.googleapis.com/uploads-22679521452.us-central1.cloudfunctions.appspot.com/5d5a049a-a32b-4808-9302-a286396bd47c.zip?GoogleAccessId=service-499775575806@gcf-admin-robot.iam.gserviceaccount.com&Expires=1786310523&Signature=c0t1laBrRk22OzjUoQcg0gkbYB4jIbRWXEMypH7Kg6NHvEkcs7Zra0bgB2plA6VWHqgJ%2Bw9jouUPuS5DBsF4H45nO324FwJlsfmxo9c7glBjQLXkl%2FOdXTL2jdW3EqAzur9eD2qjLZ9gwcSAkIsXlDbB9CtF8s8SutTmpy1GOv%2F5T778Crr12G1q7XNRFfcejQzwTqnIEF2an4Itks9VP9SeczaTIQ2D2V3kblmuIR8fASo3pYzRGTXtOznu%2FLa54%2B9qkBpcTumPLcTDsFxucLL6aKv2MkJIJphqOs4jxKJ%2FvuQW%2FmqiX9Of%2F%2FCivjl6K797Kz%2BycwlDEDutChelNQ%3D%3D","environmentVariables":{"META_PAGE_ID":"1288310911025589","META_ACCESS_TOKEN":"EAAYu00tVMigBSG28MVttR5xknNZAQbhR3FBOc5sVCfE4FDsBUT89mdCpeCXYc6mXgj4oZBbSvdKcDUjS8cud3ZAW9PvnYaWNMbmPoMeditYJTiNR5CX26dUGuMqgYCqpRxt3L5OV4uqDbMlyvPB0Y38qQTZCJ255dUqBd77AIZBc7oki5HkbEE5RTjezcyZBZC2UAZBbwwS5","INSTAGRAM_LOGIN_ACCESS_TOKEN":"IGAAPSbL1U0J1BZAFlfSHBDN3JLUU5iYndvTXRmVDRhanJYNFJEOHdqSTYwbU9iVlY4WUpWcUF1NVR3MVFyamtvdHBWSDF0b1E0N3RzRFNoZA1JreE5FRnNZAV2VxMnFuSkZA6STBmQnRJVUFZAUkcyS1ROclBn","INSTAGRAM_LOGIN_USER_ID":"27531874199817261","FIREBASE_CONFIG":"{\"projectId\":\"nuestravoz-uy\",\"storageBucket\":\"nuestravoz-uy.firebasestorage.app\"}","GCLOUD_PROJECT":"nuestravoz-uy","EVENTARC_CLOUD_EVENT_SOURCE":"projects/nuestravoz-uy/locations/us-central1/functions/publishToMeta"},"runtime":"nodejs20","buildId":"d5a84c30-76bd-45ee-9b77-9420439424e6","buildEnvironmentVariables":{"GOOGLE_NODE_RUN_SCRIPTS":""},"buildName":"projects/499775575806/locations/us-central1/builds/d5a84c30-76bd-45ee-9b77-9420439424e6","dockerRegistry":"ARTIFACT_REGISTRY","automaticUpdatePolicy":{},"buildServiceAccount":"projects/nuestravoz-uy/serviceAccounts/499775575806-compute@developer.gserviceaccount.com"},"versionId":"8","updateTime":"2026-08-09T20:52:14Z","buildId":"3f4b1b5b-92c0-411d-9572-34e53a06ea65","buildName":"projects/499775575806/locations/us-central1/builds/3f4b1b5b-92c0-411d-9572-34e53a06ea65"}}
[debug] [2026-08-09T20:52:33.088Z] [update-default-us-central1-publishToMeta] Retrying task index 0
[debug] [2026-08-09T20:52:33.089Z] Checked if tokens are valid: true, expires at: 1786312226547
[debug] [2026-08-09T20:52:33.089Z] Checked if tokens are valid: true, expires at: 1786312226547
[debug] [2026-08-09T20:52:33.090Z] >>> [apiv2][query] GET https://cloudfunctions.googleapis.com/v1/operations/bnVlc3RyYXZvei11eS91cy1jZW50cmFsMS9wdWJsaXNoVG9NZXRhLzM4ZEQtbklfeVZZ [none]
[debug] [2026-08-09T20:52:33.661Z] <<< [apiv2][status] GET https://cloudfunctions.googleapis.com/v1/operations/bnVlc3RyYXZvei11eS91cy1jZW50cmFsMS9wdWJsaXNoVG9NZXRhLzM4ZEQtbklfeVZZ 200
[debug] [2026-08-09T20:52:33.662Z] <<< [apiv2][body] GET https://cloudfunctions.googleapis.com/v1/operations/bnVlc3RyYXZvei11eS91cy1jZW50cmFsMS9wdWJsaXNoVG9NZXRhLzM4ZEQtbklfeVZZ {"name":"operations/bnVlc3RyYXZvei11eS91cy1jZW50cmFsMS9wdWJsaXNoVG9NZXRhLzM4ZEQtbklfeVZZ","metadata":{"@type":"type.googleapis.com/google.cloud.functions.v1.OperationMetadataV1","target":"projects/nuestravoz-uy/locations/us-central1/functions/publishToMeta","type":"UPDATE_FUNCTION","request":{"@type":"type.googleapis.com/google.cloud.functions.v1.CloudFunction","name":"projects/nuestravoz-uy/locations/us-central1/functions/publishToMeta","eventTrigger":{"eventType":"providers/cloud.firestore/eventTypes/document.write","resource":"projects/nuestravoz-uy/databases/(default)/documents/publicaciones/{pubId}","service":"firestore.googleapis.com"},"status":"ACTIVE","entryPoint":"publishToMeta","updateTime":"2026-08-09T19:28:52.670Z","versionId":"7","labels":{"deployment-tool":"cli-firebase","firebase-functions-hash":"d27e13084a3fea8bbe4e0e03e852029fd1feb174"},"sourceUploadUrl":"https://storage.googleapis.com/uploads-22679521452.us-central1.cloudfunctions.appspot.com/5d5a049a-a32b-4808-9302-a286396bd47c.zip?GoogleAccessId=service-499775575806@gcf-admin-robot.iam.gserviceaccount.com&Expires=1786310523&Signature=c0t1laBrRk22OzjUoQcg0gkbYB4jIbRWXEMypH7Kg6NHvEkcs7Zra0bgB2plA6VWHqgJ%2Bw9jouUPuS5DBsF4H45nO324FwJlsfmxo9c7glBjQLXkl%2FOdXTL2jdW3EqAzur9eD2qjLZ9gwcSAkIsXlDbB9CtF8s8SutTmpy1GOv%2F5T778Crr12G1q7XNRFfcejQzwTqnIEF2an4Itks9VP9SeczaTIQ2D2V3kblmuIR8fASo3pYzRGTXtOznu%2FLa54%2B9qkBpcTumPLcTDsFxucLL6aKv2MkJIJphqOs4jxKJ%2FvuQW%2FmqiX9Of%2F%2FCivjl6K797Kz%2BycwlDEDutChelNQ%3D%3D","environmentVariables":{"META_PAGE_ID":"1288310911025589","META_ACCESS_TOKEN":"EAAYu00tVMigBSG28MVttR5xknNZAQbhR3FBOc5sVCfE4FDsBUT89mdCpeCXYc6mXgj4oZBbSvdKcDUjS8cud3ZAW9PvnYaWNMbmPoMeditYJTiNR5CX26dUGuMqgYCqpRxt3L5OV4uqDbMlyvPB0Y38qQTZCJ255dUqBd77AIZBc7oki5HkbEE5RTjezcyZBZC2UAZBbwwS5","INSTAGRAM_LOGIN_ACCESS_TOKEN":"IGAAPSbL1U0J1BZAFlfSHBDN3JLUU5iYndvTXRmVDRhanJYNFJEOHdqSTYwbU9iVlY4WUpWcUF1NVR3MVFyamtvdHBWSDF0b1E0N3RzRFNoZA1JreE5FRnNZAV2VxMnFuSkZA6STBmQnRJVUFZAUkcyS1ROclBn","INSTAGRAM_LOGIN_USER_ID":"27531874199817261","FIREBASE_CONFIG":"{\"projectId\":\"nuestravoz-uy\",\"storageBucket\":\"nuestravoz-uy.firebasestorage.app\"}","GCLOUD_PROJECT":"nuestravoz-uy","EVENTARC_CLOUD_EVENT_SOURCE":"projects/nuestravoz-uy/locations/us-central1/functions/publishToMeta"},"runtime":"nodejs20","buildId":"d5a84c30-76bd-45ee-9b77-9420439424e6","buildEnvironmentVariables":{"GOOGLE_NODE_RUN_SCRIPTS":""},"buildName":"projects/499775575806/locations/us-central1/builds/d5a84c30-76bd-45ee-9b77-9420439424e6","dockerRegistry":"ARTIFACT_REGISTRY","automaticUpdatePolicy":{},"buildServiceAccount":"projects/nuestravoz-uy/serviceAccounts/499775575806-compute@developer.gserviceaccount.com"},"versionId":"8","updateTime":"2026-08-09T20:52:14Z","buildId":"3f4b1b5b-92c0-411d-9572-34e53a06ea65","buildName":"projects/499775575806/locations/us-central1/builds/3f4b1b5b-92c0-411d-9572-34e53a06ea65"}}
[debug] [2026-08-09T20:52:43.675Z] [update-default-us-central1-publishToMeta] Retrying task index 0
[debug] [2026-08-09T20:52:43.679Z] Checked if tokens are valid: true, expires at: 1786312226547
[debug] [2026-08-09T20:52:43.679Z] Checked if tokens are valid: true, expires at: 1786312226547
[debug] [2026-08-09T20:52:43.679Z] >>> [apiv2][query] GET https://cloudfunctions.googleapis.com/v1/operations/bnVlc3RyYXZvei11eS91cy1jZW50cmFsMS9wdWJsaXNoVG9NZXRhLzM4ZEQtbklfeVZZ [none]
[debug] [2026-08-09T20:52:44.364Z] <<< [apiv2][status] GET https://cloudfunctions.googleapis.com/v1/operations/bnVlc3RyYXZvei11eS91cy1jZW50cmFsMS9wdWJsaXNoVG9NZXRhLzM4ZEQtbklfeVZZ 200
[debug] [2026-08-09T20:52:44.364Z] <<< [apiv2][body] GET https://cloudfunctions.googleapis.com/v1/operations/bnVlc3RyYXZvei11eS91cy1jZW50cmFsMS9wdWJsaXNoVG9NZXRhLzM4ZEQtbklfeVZZ {"name":"operations/bnVlc3RyYXZvei11eS91cy1jZW50cmFsMS9wdWJsaXNoVG9NZXRhLzM4ZEQtbklfeVZZ","metadata":{"@type":"type.googleapis.com/google.cloud.functions.v1.OperationMetadataV1","target":"projects/nuestravoz-uy/locations/us-central1/functions/publishToMeta","type":"UPDATE_FUNCTION","request":{"@type":"type.googleapis.com/google.cloud.functions.v1.CloudFunction","name":"projects/nuestravoz-uy/locations/us-central1/functions/publishToMeta","eventTrigger":{"eventType":"providers/cloud.firestore/eventTypes/document.write","resource":"projects/nuestravoz-uy/databases/(default)/documents/publicaciones/{pubId}","service":"firestore.googleapis.com"},"status":"ACTIVE","entryPoint":"publishToMeta","updateTime":"2026-08-09T19:28:52.670Z","versionId":"7","labels":{"deployment-tool":"cli-firebase","firebase-functions-hash":"d27e13084a3fea8bbe4e0e03e852029fd1feb174"},"sourceUploadUrl":"https://storage.googleapis.com/uploads-22679521452.us-central1.cloudfunctions.appspot.com/5d5a049a-a32b-4808-9302-a286396bd47c.zip?GoogleAccessId=service-499775575806@gcf-admin-robot.iam.gserviceaccount.com&Expires=1786310523&Signature=c0t1laBrRk22OzjUoQcg0gkbYB4jIbRWXEMypH7Kg6NHvEkcs7Zra0bgB2plA6VWHqgJ%2Bw9jouUPuS5DBsF4H45nO324FwJlsfmxo9c7glBjQLXkl%2FOdXTL2jdW3EqAzur9eD2qjLZ9gwcSAkIsXlDbB9CtF8s8SutTmpy1GOv%2F5T778Crr12G1q7XNRFfcejQzwTqnIEF2an4Itks9VP9SeczaTIQ2D2V3kblmuIR8fASo3pYzRGTXtOznu%2FLa54%2B9qkBpcTumPLcTDsFxucLL6aKv2MkJIJphqOs4jxKJ%2FvuQW%2FmqiX9Of%2F%2FCivjl6K797Kz%2BycwlDEDutChelNQ%3D%3D","environmentVariables":{"META_PAGE_ID":"1288310911025589","META_ACCESS_TOKEN":"EAAYu00tVMigBSG28MVttR5xknNZAQbhR3FBOc5sVCfE4FDsBUT89mdCpeCXYc6mXgj4oZBbSvdKcDUjS8cud3ZAW9PvnYaWNMbmPoMeditYJTiNR5CX26dUGuMqgYCqpRxt3L5OV4uqDbMlyvPB0Y38qQTZCJ255dUqBd77AIZBc7oki5HkbEE5RTjezcyZBZC2UAZBbwwS5","INSTAGRAM_LOGIN_ACCESS_TOKEN":"IGAAPSbL1U0J1BZAFlfSHBDN3JLUU5iYndvTXRmVDRhanJYNFJEOHdqSTYwbU9iVlY4WUpWcUF1NVR3MVFyamtvdHBWSDF0b1E0N3RzRFNoZA1JreE5FRnNZAV2VxMnFuSkZA6STBmQnRJVUFZAUkcyS1ROclBn","INSTAGRAM_LOGIN_USER_ID":"27531874199817261","FIREBASE_CONFIG":"{\"projectId\":\"nuestravoz-uy\",\"storageBucket\":\"nuestravoz-uy.firebasestorage.app\"}","GCLOUD_PROJECT":"nuestravoz-uy","EVENTARC_CLOUD_EVENT_SOURCE":"projects/nuestravoz-uy/locations/us-central1/functions/publishToMeta"},"runtime":"nodejs20","buildId":"d5a84c30-76bd-45ee-9b77-9420439424e6","buildEnvironmentVariables":{"GOOGLE_NODE_RUN_SCRIPTS":""},"buildName":"projects/499775575806/locations/us-central1/builds/d5a84c30-76bd-45ee-9b77-9420439424e6","dockerRegistry":"ARTIFACT_REGISTRY","automaticUpdatePolicy":{},"buildServiceAccount":"projects/nuestravoz-uy/serviceAccounts/499775575806-compute@developer.gserviceaccount.com"},"versionId":"8","updateTime":"2026-08-09T20:52:14Z","buildId":"3f4b1b5b-92c0-411d-9572-34e53a06ea65","buildName":"projects/499775575806/locations/us-central1/builds/3f4b1b5b-92c0-411d-9572-34e53a06ea65"}}
[debug] [2026-08-09T20:52:54.382Z] [update-default-us-central1-publishToMeta] Retrying task index 0
[debug] [2026-08-09T20:52:54.383Z] Checked if tokens are valid: true, expires at: 1786312226547
[debug] [2026-08-09T20:52:54.383Z] Checked if tokens are valid: true, expires at: 1786312226547
[debug] [2026-08-09T20:52:54.383Z] >>> [apiv2][query] GET https://cloudfunctions.googleapis.com/v1/operations/bnVlc3RyYXZvei11eS91cy1jZW50cmFsMS9wdWJsaXNoVG9NZXRhLzM4ZEQtbklfeVZZ [none]
[debug] [2026-08-09T20:52:55.087Z] <<< [apiv2][status] GET https://cloudfunctions.googleapis.com/v1/operations/bnVlc3RyYXZvei11eS91cy1jZW50cmFsMS9wdWJsaXNoVG9NZXRhLzM4ZEQtbklfeVZZ 200
[debug] [2026-08-09T20:52:55.087Z] <<< [apiv2][body] GET https://cloudfunctions.googleapis.com/v1/operations/bnVlc3RyYXZvei11eS91cy1jZW50cmFsMS9wdWJsaXNoVG9NZXRhLzM4ZEQtbklfeVZZ {"name":"operations/bnVlc3RyYXZvei11eS91cy1jZW50cmFsMS9wdWJsaXNoVG9NZXRhLzM4ZEQtbklfeVZZ","metadata":{"@type":"type.googleapis.com/google.cloud.functions.v1.OperationMetadataV1","target":"projects/nuestravoz-uy/locations/us-central1/functions/publishToMeta","type":"UPDATE_FUNCTION","request":{"@type":"type.googleapis.com/google.cloud.functions.v1.CloudFunction","name":"projects/nuestravoz-uy/locations/us-central1/functions/publishToMeta","eventTrigger":{"eventType":"providers/cloud.firestore/eventTypes/document.write","resource":"projects/nuestravoz-uy/databases/(default)/documents/publicaciones/{pubId}","service":"firestore.googleapis.com"},"status":"ACTIVE","entryPoint":"publishToMeta","updateTime":"2026-08-09T19:28:52.670Z","versionId":"7","labels":{"deployment-tool":"cli-firebase","firebase-functions-hash":"d27e13084a3fea8bbe4e0e03e852029fd1feb174"},"sourceUploadUrl":"https://storage.googleapis.com/uploads-22679521452.us-central1.cloudfunctions.appspot.com/5d5a049a-a32b-4808-9302-a286396bd47c.zip?GoogleAccessId=service-499775575806@gcf-admin-robot.iam.gserviceaccount.com&Expires=1786310523&Signature=c0t1laBrRk22OzjUoQcg0gkbYB4jIbRWXEMypH7Kg6NHvEkcs7Zra0bgB2plA6VWHqgJ%2Bw9jouUPuS5DBsF4H45nO324FwJlsfmxo9c7glBjQLXkl%2FOdXTL2jdW3EqAzur9eD2qjLZ9gwcSAkIsXlDbB9CtF8s8SutTmpy1GOv%2F5T778Crr12G1q7XNRFfcejQzwTqnIEF2an4Itks9VP9SeczaTIQ2D2V3kblmuIR8fASo3pYzRGTXtOznu%2FLa54%2B9qkBpcTumPLcTDsFxucLL6aKv2MkJIJphqOs4jxKJ%2FvuQW%2FmqiX9Of%2F%2FCivjl6K797Kz%2BycwlDEDutChelNQ%3D%3D","environmentVariables":{"META_PAGE_ID":"1288310911025589","META_ACCESS_TOKEN":"EAAYu00tVMigBSG28MVttR5xknNZAQbhR3FBOc5sVCfE4FDsBUT89mdCpeCXYc6mXgj4oZBbSvdKcDUjS8cud3ZAW9PvnYaWNMbmPoMeditYJTiNR5CX26dUGuMqgYCqpRxt3L5OV4uqDbMlyvPB0Y38qQTZCJ255dUqBd77AIZBc7oki5HkbEE5RTjezcyZBZC2UAZBbwwS5","INSTAGRAM_LOGIN_ACCESS_TOKEN":"IGAAPSbL1U0J1BZAFlfSHBDN3JLUU5iYndvTXRmVDRhanJYNFJEOHdqSTYwbU9iVlY4WUpWcUF1NVR3MVFyamtvdHBWSDF0b1E0N3RzRFNoZA1JreE5FRnNZAV2VxMnFuSkZA6STBmQnRJVUFZAUkcyS1ROclBn","INSTAGRAM_LOGIN_USER_ID":"27531874199817261","FIREBASE_CONFIG":"{\"projectId\":\"nuestravoz-uy\",\"storageBucket\":\"nuestravoz-uy.firebasestorage.app\"}","GCLOUD_PROJECT":"nuestravoz-uy","EVENTARC_CLOUD_EVENT_SOURCE":"projects/nuestravoz-uy/locations/us-central1/functions/publishToMeta"},"runtime":"nodejs20","buildId":"d5a84c30-76bd-45ee-9b77-9420439424e6","buildEnvironmentVariables":{"GOOGLE_NODE_RUN_SCRIPTS":""},"buildName":"projects/499775575806/locations/us-central1/builds/d5a84c30-76bd-45ee-9b77-9420439424e6","dockerRegistry":"ARTIFACT_REGISTRY","automaticUpdatePolicy":{},"buildServiceAccount":"projects/nuestravoz-uy/serviceAccounts/499775575806-compute@developer.gserviceaccount.com"},"versionId":"8","updateTime":"2026-08-09T20:52:14Z","buildId":"3f4b1b5b-92c0-411d-9572-34e53a06ea65","buildName":"projects/499775575806/locations/us-central1/builds/3f4b1b5b-92c0-411d-9572-34e53a06ea65"}}
